// Jest Snapshot v1, https://goo.gl/fbAQLP

exports[`containers/tables/population/IndividualsListTable should render loading 1`] = `
<div>
  <div
    class="sc-bdVaJa ksQzqc"
  >
    <div
      class="makeStyles-root-13"
    >
      <div
        class="MuiPaper-root makeStyles-paper-14 MuiPaper-elevation1 MuiPaper-rounded"
      >
        <div
          class="MuiTableContainer-root"
        >
          <div
            class="MuiBox-root MuiBox-root-19"
          >
            <div
              class="MuiToolbar-root MuiToolbar-regular makeStyles-root-20 MuiToolbar-gutters"
            >
              <h6
                class="MuiTypography-root makeStyles-title-22 MuiTypography-h6"
                data-cy="table-title"
              >
                Individuals
              </h6>
            </div>
            <div
              class="MuiBox-root MuiBox-root-23"
            />
          </div>
          <table
            aria-label="enhanced table"
            aria-labelledby="tableTitle"
            class="MuiTable-root makeStyles-table-15"
            data-cy="table-title"
          >
            <thead
              class="MuiTableHead-root"
            >
              <tr
                class="MuiTableRow-root MuiTableRow-head"
              >
                <th
                  class="MuiTableCell-root MuiTableCell-head MuiTableCell-alignLeft"
                  data-cy="sanction-list-possible-match"
                  scope="col"
                >
                  <span
                    class="sc-bZQynM fgJQBP"
                    data-cy="table-label"
                  />
                </th>
                <th
                  class="MuiTableCell-root MuiTableCell-head MuiTableCell-alignLeft"
                  data-cy="individual-id"
                  scope="col"
                >
                  <span
                    class="sc-bZQynM fgJQBP"
                    data-cy="table-label"
                  >
                    Individual ID
                  </span>
                </th>
                <th
                  class="MuiTableCell-root MuiTableCell-head MuiTableCell-alignLeft"
                  data-cy="individual-name"
                  scope="col"
                >
                  <span
                    class="sc-bZQynM fgJQBP"
                    data-cy="table-label"
                  >
                    Individual
                  </span>
                </th>
                <th
                  class="MuiTableCell-root MuiTableCell-head MuiTableCell-alignLeft"
                  data-cy="household-id"
                  scope="col"
                >
                  <span
                    class="sc-bZQynM fgJQBP"
                    data-cy="table-label"
                  >
                    Household ID
                  </span>
                </th>
                <th
                  class="MuiTableCell-root MuiTableCell-head MuiTableCell-alignLeft"
                  data-cy="relationship"
                  scope="col"
                >
                  <span
                    class="sc-bZQynM fgJQBP"
                    data-cy="table-label"
                  >
                    Relationship to HoH
                  </span>
                </th>
                <th
                  class="MuiTableCell-root MuiTableCell-head MuiTableCell-alignRight"
                  data-cy="individual-age"
                  scope="col"
                >
                  <span
                    class="sc-bZQynM fgJQBP"
                    data-cy="table-label"
                  >
                    Age
                  </span>
                </th>
                <th
                  class="MuiTableCell-root MuiTableCell-head MuiTableCell-alignLeft"
                  data-cy="individual-sex"
                  scope="col"
                >
                  <span
                    class="sc-bZQynM fgJQBP"
                    data-cy="table-label"
                  >
                    Gender
                  </span>
                </th>
                <th
                  class="MuiTableCell-root MuiTableCell-head MuiTableCell-alignLeft"
                  data-cy="individual-location"
                  scope="col"
                >
                  <span
                    class="sc-bZQynM fgJQBP"
                    data-cy="table-label"
                  >
                    Administrative Level 2
                  </span>
                </th>
              </tr>
            </thead>
            <tbody
              class="MuiTableBody-root"
            >
              <tr
                class="MuiTableRow-root"
                data-cy="table-row"
                style="height: 70px; min-height: 70px;"
              >
                <td
                  class="MuiTableCell-root MuiTableCell-body"
                  colspan="8"
                >
                  <span
                    class="MuiSkeleton-root MuiSkeleton-rect MuiSkeleton-pulse"
                    style="width: 100%; height: 70px;"
                  />
                </td>
              </tr>
              <tr
                class="MuiTableRow-root"
                data-cy="table-row"
                style="height: 70px; min-height: 70px;"
              >
                <td
                  class="MuiTableCell-root MuiTableCell-body"
                  colspan="8"
                >
                  <span
                    class="MuiSkeleton-root MuiSkeleton-rect MuiSkeleton-pulse"
                    style="width: 100%; height: 70px;"
                  />
                </td>
              </tr>
              <tr
                class="MuiTableRow-root"
                data-cy="table-row"
                style="height: 70px; min-height: 70px;"
              >
                <td
                  class="MuiTableCell-root MuiTableCell-body"
                  colspan="8"
                >
                  <span
                    class="MuiSkeleton-root MuiSkeleton-rect MuiSkeleton-pulse"
                    style="width: 100%; height: 70px;"
                  />
                </td>
              </tr>
              <tr
                class="MuiTableRow-root"
                data-cy="table-row"
                style="height: 70px; min-height: 70px;"
              >
                <td
                  class="MuiTableCell-root MuiTableCell-body"
                  colspan="8"
                >
                  <span
                    class="MuiSkeleton-root MuiSkeleton-rect MuiSkeleton-pulse"
                    style="width: 100%; height: 70px;"
                  />
                </td>
              </tr>
              <tr
                class="MuiTableRow-root"
                data-cy="table-row"
                style="height: 70px; min-height: 70px;"
              >
                <td
                  class="MuiTableCell-root MuiTableCell-body"
                  colspan="8"
                >
                  <span
                    class="MuiSkeleton-root MuiSkeleton-rect MuiSkeleton-pulse"
                    style="width: 100%; height: 70px;"
                  />
                </td>
              </tr>
              <tr
                class="MuiTableRow-root"
                data-cy="table-row"
                style="height: 70px; min-height: 70px;"
              >
                <td
                  class="MuiTableCell-root MuiTableCell-body"
                  colspan="8"
                >
                  <span
                    class="MuiSkeleton-root MuiSkeleton-rect MuiSkeleton-pulse"
                    style="width: 100%; height: 70px;"
                  />
                </td>
              </tr>
              <tr
                class="MuiTableRow-root"
                data-cy="table-row"
                style="height: 70px; min-height: 70px;"
              >
                <td
                  class="MuiTableCell-root MuiTableCell-body"
                  colspan="8"
                >
                  <span
                    class="MuiSkeleton-root MuiSkeleton-rect MuiSkeleton-pulse"
                    style="width: 100%; height: 70px;"
                  />
                </td>
              </tr>
              <tr
                class="MuiTableRow-root"
                data-cy="table-row"
                style="height: 70px; min-height: 70px;"
              >
                <td
                  class="MuiTableCell-root MuiTableCell-body"
                  colspan="8"
                >
                  <span
                    class="MuiSkeleton-root MuiSkeleton-rect MuiSkeleton-pulse"
                    style="width: 100%; height: 70px;"
                  />
                </td>
              </tr>
              <tr
                class="MuiTableRow-root"
                data-cy="table-row"
                style="height: 70px; min-height: 70px;"
              >
                <td
                  class="MuiTableCell-root MuiTableCell-body"
                  colspan="8"
                >
                  <span
                    class="MuiSkeleton-root MuiSkeleton-rect MuiSkeleton-pulse"
                    style="width: 100%; height: 70px;"
                  />
                </td>
              </tr>
              <tr
                class="MuiTableRow-root"
                data-cy="table-row"
                style="height: 70px; min-height: 70px;"
              >
                <td
                  class="MuiTableCell-root MuiTableCell-body"
                  colspan="8"
                >
                  <span
                    class="MuiSkeleton-root MuiSkeleton-rect MuiSkeleton-pulse"
                    style="width: 100%; height: 70px;"
                  />
                </td>
              </tr>
            </tbody>
          </table>
        </div>
        <div
          class="MuiTablePagination-root"
          data-cy="table-pagination"
        >
          <div
            class="MuiToolbar-root MuiToolbar-regular MuiTablePagination-toolbar MuiToolbar-gutters"
          >
            <div
              class="MuiTablePagination-spacer"
            />
            <p
              class="MuiTypography-root MuiTablePagination-caption MuiTypography-body2 MuiTypography-colorInherit"
              id="mui-5806"
            >
              Rows per page:
            </p>
            <div
              class="MuiInputBase-root MuiTablePagination-input MuiTablePagination-selectRoot"
            >
              <div
                aria-haspopup="listbox"
                aria-labelledby="mui-5806 mui-73230"
                class="MuiSelect-root MuiSelect-select MuiTablePagination-select MuiSelect-selectMenu MuiInputBase-input"
                id="mui-73230"
                role="button"
                tabindex="0"
              >
                10
              </div>
              <input
                aria-hidden="true"
                class="MuiSelect-nativeInput"
                tabindex="-1"
                value="10"
              />
              <svg
                aria-hidden="true"
                class="MuiSvgIcon-root MuiSelect-icon MuiTablePagination-selectIcon"
                focusable="false"
                viewBox="0 0 24 24"
              >
                <path
                  d="M7 10l5 5 5-5z"
                />
              </svg>
            </div>
            <p
              class="MuiTypography-root MuiTablePagination-caption MuiTypography-body2 MuiTypography-colorInherit"
            >
              1-NaN of undefined
            </p>
            <div
              class="MuiTablePagination-actions"
            >
              <button
                aria-label="Previous page"
                class="MuiButtonBase-root MuiIconButton-root MuiIconButton-colorInherit Mui-disabled Mui-disabled"
                disabled=""
                tabindex="-1"
                title="Previous page"
                type="button"
              >
                <span
                  class="MuiIconButton-label"
                >
                  <svg
                    aria-hidden="true"
                    class="MuiSvgIcon-root"
                    focusable="false"
                    viewBox="0 0 24 24"
                  >
                    <path
                      d="M15.41 16.09l-4.58-4.59 4.58-4.59L14 5.5l-6 6 6 6z"
                    />
                  </svg>
                </span>
              </button>
              <button
                aria-label="Next page"
                class="MuiButtonBase-root MuiIconButton-root MuiIconButton-colorInherit Mui-disabled Mui-disabled"
                disabled=""
                tabindex="-1"
                title="Next page"
                type="button"
              >
                <span
                  class="MuiIconButton-label"
                >
                  <svg
                    aria-hidden="true"
                    class="MuiSvgIcon-root"
                    focusable="false"
                    viewBox="0 0 24 24"
                  >
                    <path
                      d="M8.59 16.34l4.58-4.59-4.58-4.59L10 5.75l6 6-6 6z"
                    />
                  </svg>
                </span>
              </button>
            </div>
          </div>
        </div>
      </div>
    </div>
  </div>
</div>
`;

exports[`containers/tables/population/IndividualsListTable should render with data 1`] = `
<div>
  <div
    class="sc-bdVaJa ksQzqc"
  >
    <div>
      Unexpected error
    </div>
  </div>
</div>
`;
