// Jest Snapshot v1, https://goo.gl/fbAQLP

exports[`components/grievances/GrievancesApproveSection should render 1`] = `
<div>
  <div
    class="MuiGrid-root MuiGrid-item MuiGrid-grid-xs-12"
  >
    <div
      class="MuiBox-root MuiBox-root-1"
    />
  </div>
</div>
`;
