// Jest Snapshot v1, https://goo.gl/fbAQLP

exports[`containers/tables/payments/CashPlanTable should render loading 1`] = `
<div>
  <div
    class="sc-bdVaJa iMXEqU"
    data-cy="loading-container"
  >
    <div
      class="MuiCircularProgress-root MuiCircularProgress-colorPrimary MuiCircularProgress-indeterminate"
      role="progressbar"
      style="width: 40px; height: 40px;"
    >
      <svg
        class="MuiCircularProgress-svg"
        viewBox="22 22 44 44"
      >
        <circle
          class="MuiCircularProgress-circle MuiCircularProgress-circleIndeterminate"
          cx="44"
          cy="44"
          fill="none"
          r="20.2"
          stroke-width="3.6"
        />
      </svg>
    </div>
  </div>
</div>
`;

exports[`containers/tables/payments/CashPlanTable should render with data 1`] = `
<div>
  <div
    class="makeStyles-root-1"
  >
    <div
      class="MuiPaper-root makeStyles-paper-2 MuiPaper-elevation1 MuiPaper-rounded"
    >
      <div
        class="MuiTableContainer-root"
      >
        <div
          class="MuiBox-root MuiBox-root-7"
        >
          <div
            class="MuiToolbar-root MuiToolbar-regular makeStyles-root-8 MuiToolbar-gutters"
          >
            <h6
              class="MuiTypography-root makeStyles-title-10 MuiTypography-h6"
              data-cy="table-title"
            >
              Payment Plans
            </h6>
          </div>
          <div
            class="MuiBox-root MuiBox-root-11"
          />
        </div>
        <table
          aria-label="enhanced table"
          aria-labelledby="tableTitle"
          class="MuiTable-root makeStyles-table-3"
          data-cy="table-title"
        >
          <thead
            class="MuiTableHead-root"
          >
            <tr
              class="MuiTableRow-root MuiTableRow-head"
            >
              <th
                class="MuiTableCell-root MuiTableCell-head MuiTableCell-alignLeft"
                scope="col"
              >
                <span
                  aria-disabled="false"
                  class="MuiButtonBase-root MuiTableSortLabel-root sc-EHOje dirFCH"
                  data-cy="table-label"
                  role="button"
                  tabindex="0"
                >
                  Payment Plan ID
                  <svg
                    aria-hidden="true"
                    class="MuiSvgIcon-root MuiTableSortLabel-icon MuiTableSortLabel-iconDirectionAsc"
                    focusable="false"
                    viewBox="0 0 24 24"
                  >
                    <path
                      d="M20 12l-1.41-1.41L13 16.17V4h-2v12.17l-5.58-5.59L4 12l8 8 8-8z"
                    />
                  </svg>
                </span>
              </th>
              <th
                class="MuiTableCell-root MuiTableCell-head MuiTableCell-alignLeft"
                scope="col"
              >
                <span
                  aria-disabled="false"
                  class="MuiButtonBase-root MuiTableSortLabel-root sc-EHOje dirFCH"
                  data-cy="table-label"
                  role="button"
                  tabindex="0"
                >
                  Status
                  <svg
                    aria-hidden="true"
                    class="MuiSvgIcon-root MuiTableSortLabel-icon MuiTableSortLabel-iconDirectionAsc"
                    focusable="false"
                    viewBox="0 0 24 24"
                  >
                    <path
                      d="M20 12l-1.41-1.41L13 16.17V4h-2v12.17l-5.58-5.59L4 12l8 8 8-8z"
                    />
                  </svg>
                </span>
              </th>
              <th
                class="MuiTableCell-root MuiTableCell-head MuiTableCell-alignRight"
                scope="col"
              >
                <span
                  aria-disabled="false"
                  class="MuiButtonBase-root MuiTableSortLabel-root sc-EHOje dirFCH"
                  data-cy="table-label"
                  role="button"
                  tabindex="0"
                >
                  Num. of Households
                  <svg
                    aria-hidden="true"
                    class="MuiSvgIcon-root MuiTableSortLabel-icon MuiTableSortLabel-iconDirectionAsc"
                    focusable="false"
                    viewBox="0 0 24 24"
                  >
                    <path
                      d="M20 12l-1.41-1.41L13 16.17V4h-2v12.17l-5.58-5.59L4 12l8 8 8-8z"
                    />
                  </svg>
                </span>
              </th>
              <th
                class="MuiTableCell-root MuiTableCell-head MuiTableCell-alignLeft"
                scope="col"
              >
                <span
                  aria-disabled="false"
                  class="MuiButtonBase-root MuiTableSortLabel-root sc-EHOje dirFCH"
                  data-cy="table-label"
                  role="button"
                  tabindex="0"
                >
                  Currency
                  <svg
                    aria-hidden="true"
                    class="MuiSvgIcon-root MuiTableSortLabel-icon MuiTableSortLabel-iconDirectionAsc"
                    focusable="false"
                    viewBox="0 0 24 24"
                  >
                    <path
                      d="M20 12l-1.41-1.41L13 16.17V4h-2v12.17l-5.58-5.59L4 12l8 8 8-8z"
                    />
                  </svg>
                </span>
              </th>
              <th
                class="MuiTableCell-root MuiTableCell-head MuiTableCell-alignRight"
                scope="col"
              >
                <span
                  aria-disabled="false"
                  class="MuiButtonBase-root MuiTableSortLabel-root sc-EHOje dirFCH"
                  data-cy="table-label"
                  role="button"
                  tabindex="0"
                >
                  Total Entitled Quantity
                  <svg
                    aria-hidden="true"
                    class="MuiSvgIcon-root MuiTableSortLabel-icon MuiTableSortLabel-iconDirectionAsc"
                    focusable="false"
                    viewBox="0 0 24 24"
                  >
                    <path
                      d="M20 12l-1.41-1.41L13 16.17V4h-2v12.17l-5.58-5.59L4 12l8 8 8-8z"
                    />
                  </svg>
                </span>
              </th>
              <th
                class="MuiTableCell-root MuiTableCell-head MuiTableCell-alignRight"
                scope="col"
              >
                <span
                  aria-disabled="false"
                  class="MuiButtonBase-root MuiTableSortLabel-root sc-EHOje dirFCH"
                  data-cy="table-label"
                  role="button"
                  tabindex="0"
                >
                  Total Delivered Quantity
                  <svg
                    aria-hidden="true"
                    class="MuiSvgIcon-root MuiTableSortLabel-icon MuiTableSortLabel-iconDirectionAsc"
                    focusable="false"
                    viewBox="0 0 24 24"
                  >
                    <path
                      d="M20 12l-1.41-1.41L13 16.17V4h-2v12.17l-5.58-5.59L4 12l8 8 8-8z"
                    />
                  </svg>
                </span>
              </th>
              <th
                class="MuiTableCell-root MuiTableCell-head MuiTableCell-alignRight"
                scope="col"
              >
                <span
                  aria-disabled="false"
                  class="MuiButtonBase-root MuiTableSortLabel-root sc-EHOje dirFCH"
                  data-cy="table-label"
                  role="button"
                  tabindex="0"
                >
                  Total Undelivered Quantity
                  <svg
                    aria-hidden="true"
                    class="MuiSvgIcon-root MuiTableSortLabel-icon MuiTableSortLabel-iconDirectionAsc"
                    focusable="false"
                    viewBox="0 0 24 24"
                  >
                    <path
                      d="M20 12l-1.41-1.41L13 16.17V4h-2v12.17l-5.58-5.59L4 12l8 8 8-8z"
                    />
                  </svg>
                </span>
              </th>
              <th
                class="MuiTableCell-root MuiTableCell-head MuiTableCell-alignLeft"
                scope="col"
              >
                <span
                  aria-disabled="false"
                  class="MuiButtonBase-root MuiTableSortLabel-root sc-EHOje dirFCH"
                  data-cy="table-label"
                  role="button"
                  tabindex="0"
                >
                  Dispersion Date
                  <svg
                    aria-hidden="true"
                    class="MuiSvgIcon-root MuiTableSortLabel-icon MuiTableSortLabel-iconDirectionAsc"
                    focusable="false"
                    viewBox="0 0 24 24"
                  >
                    <path
                      d="M20 12l-1.41-1.41L13 16.17V4h-2v12.17l-5.58-5.59L4 12l8 8 8-8z"
                    />
                  </svg>
                </span>
              </th>
            </tr>
          </thead>
          <tbody
            class="MuiTableBody-root"
          >
            <tr
              class="MuiTableRow-root sc-gzVnrw btWNie MuiTableRow-hover"
              data-cy="cash-plan-table-row"
              role="checkbox"
            >
              <td
                class="MuiTableCell-root MuiTableCell-body MuiTableCell-alignLeft"
              >
                <a
                  class="sc-iwsKbI kdOUDe"
                  href="/afghanistan/programs/UHJvZ3JhbU5vZGU6YzRkNTY1N2QtMWEyOS00NmUxLTgxOTAtZGY3Zjg1YTBkMmVm/payment-module/payment-plans/UGF5bWVudFBsYW5Ob2RlOmQ4NDdkZDFlLTkwYmYtNDQzZC1iNWI1LWNiZTcwMDQ5YzYyMA=="
                >
                  <div
                    style="text-overflow: ellipsis;"
                  >
                    PP-0060-23-00000017
                  </div>
                </a>
              </td>
              <td
                class="MuiTableCell-root MuiTableCell-body MuiTableCell-alignLeft"
              >
                <div
                  class="sc-htoDjs koRFFa"
                >
                  <div
                    class="sc-dnqmqq QDGnp"
                    data-cy="status-container"
                  >
                    PENDING
                  </div>
                </div>
              </td>
              <td
                class="MuiTableCell-root MuiTableCell-body MuiTableCell-alignRight"
              />
              <td
                class="MuiTableCell-root MuiTableCell-body MuiTableCell-alignLeft"
              />
              <td
                class="MuiTableCell-root MuiTableCell-body MuiTableCell-alignRight"
              >
                2,200.00
              </td>
              <td
                class="MuiTableCell-root MuiTableCell-body MuiTableCell-alignRight"
              >
                1,000.00
              </td>
              <td
                class="MuiTableCell-root MuiTableCell-body MuiTableCell-alignRight"
              >
                1,200.00
              </td>
              <td
                class="MuiTableCell-root MuiTableCell-body MuiTableCell-alignLeft"
              >
                -
              </td>
            </tr>
            <tr
              class="MuiTableRow-root sc-gzVnrw btWNie MuiTableRow-hover"
              data-cy="cash-plan-table-row"
              role="checkbox"
            >
              <td
                class="MuiTableCell-root MuiTableCell-body MuiTableCell-alignLeft"
              >
                <a
                  class="sc-iwsKbI kdOUDe"
                  href="/afghanistan/programs/UHJvZ3JhbU5vZGU6YzRkNTY1N2QtMWEyOS00NmUxLTgxOTAtZGY3Zjg1YTBkMmVm/payment-module/payment-plans/UGF5bWVudFBsYW5Ob2RlOjQ4YmU4NzVmLWUxYzMtNDM3OS1iMzc1LTgwMzlkYWU4ODQ5MQ=="
                >
                  <div
                    style="text-overflow: ellipsis;"
                  >
                    PP-0060-23-00000015
                  </div>
                </a>
              </td>
              <td
                class="MuiTableCell-root MuiTableCell-body MuiTableCell-alignLeft"
              >
                <div
                  class="sc-htoDjs koRFFa"
                >
                  <div
                    class="sc-dnqmqq QDGnp"
                    data-cy="status-container"
                  >
                    PENDING
                  </div>
                </div>
              </td>
              <td
                class="MuiTableCell-root MuiTableCell-body MuiTableCell-alignRight"
              />
              <td
                class="MuiTableCell-root MuiTableCell-body MuiTableCell-alignLeft"
              />
              <td
                class="MuiTableCell-root MuiTableCell-body MuiTableCell-alignRight"
              >
                2,800.00
              </td>
              <td
                class="MuiTableCell-root MuiTableCell-body MuiTableCell-alignRight"
              >
                2,800.00
              </td>
              <td
                class="MuiTableCell-root MuiTableCell-body MuiTableCell-alignRight"
              >
                0.00
              </td>
              <td
                class="MuiTableCell-root MuiTableCell-body MuiTableCell-alignLeft"
              >
                -
              </td>
            </tr>
            <tr
              class="MuiTableRow-root sc-gzVnrw btWNie MuiTableRow-hover"
              data-cy="cash-plan-table-row"
              role="checkbox"
            >
              <td
                class="MuiTableCell-root MuiTableCell-body MuiTableCell-alignLeft"
              >
                <a
                  class="sc-iwsKbI kdOUDe"
                  href="/afghanistan/programs/UHJvZ3JhbU5vZGU6YzRkNTY1N2QtMWEyOS00NmUxLTgxOTAtZGY3Zjg1YTBkMmVm/payment-module/payment-plans/UGF5bWVudFBsYW5Ob2RlOjBkNDVlNjQzLTY1YWMtNDIzOS04ZmI5LWIyNzRhNjlmMmE2ZA=="
                >
                  <div
                    style="text-overflow: ellipsis;"
                  >
                    PP-0060-23-00000005
                  </div>
                </a>
              </td>
              <td
                class="MuiTableCell-root MuiTableCell-body MuiTableCell-alignLeft"
              >
                <div
                  class="sc-htoDjs koRFFa"
                >
                  <div
                    class="sc-dnqmqq QDGnp"
                    data-cy="status-container"
                  >
                    ACTIVE
                  </div>
                </div>
              </td>
              <td
                class="MuiTableCell-root MuiTableCell-body MuiTableCell-alignRight"
              />
              <td
                class="MuiTableCell-root MuiTableCell-body MuiTableCell-alignLeft"
              />
              <td
                class="MuiTableCell-root MuiTableCell-body MuiTableCell-alignRight"
              >
                200.00
              </td>
              <td
                class="MuiTableCell-root MuiTableCell-body MuiTableCell-alignRight"
              >
                150.00
              </td>
              <td
                class="MuiTableCell-root MuiTableCell-body MuiTableCell-alignRight"
              >
                50.00
              </td>
              <td
                class="MuiTableCell-root MuiTableCell-body MuiTableCell-alignLeft"
              >
                -
              </td>
            </tr>
            <tr
              class="MuiTableRow-root sc-gzVnrw btWNie MuiTableRow-hover"
              data-cy="cash-plan-table-row"
              role="checkbox"
            >
              <td
                class="MuiTableCell-root MuiTableCell-body MuiTableCell-alignLeft"
              >
                <a
                  class="sc-iwsKbI kdOUDe"
                  href="/afghanistan/programs/UHJvZ3JhbU5vZGU6YzRkNTY1N2QtMWEyOS00NmUxLTgxOTAtZGY3Zjg1YTBkMmVm/payment-module/payment-plans/UGF5bWVudFBsYW5Ob2RlOjc3MDQ1YmUwLTUzOTUtNDdlNy1hZWZiLTYwZjNjNDgxNzE5Zg=="
                >
                  <div
                    style="text-overflow: ellipsis;"
                  >
                    PP-0060-23-00000001
                  </div>
                </a>
              </td>
              <td
                class="MuiTableCell-root MuiTableCell-body MuiTableCell-alignLeft"
              >
                <div
                  class="sc-htoDjs koRFFa"
                >
                  <div
                    class="sc-dnqmqq QDGnp"
                    data-cy="status-container"
                  >
                    ACTIVE
                  </div>
                </div>
              </td>
              <td
                class="MuiTableCell-root MuiTableCell-body MuiTableCell-alignRight"
              />
              <td
                class="MuiTableCell-root MuiTableCell-body MuiTableCell-alignLeft"
              />
              <td
                class="MuiTableCell-root MuiTableCell-body MuiTableCell-alignRight"
              >
                700.00
              </td>
              <td
                class="MuiTableCell-root MuiTableCell-body MuiTableCell-alignRight"
              >
                600.00
              </td>
              <td
                class="MuiTableCell-root MuiTableCell-body MuiTableCell-alignRight"
              >
                100.00
              </td>
              <td
                class="MuiTableCell-root MuiTableCell-body MuiTableCell-alignLeft"
              >
                -
              </td>
            </tr>
            <tr
              class="MuiTableRow-root sc-gzVnrw btWNie MuiTableRow-hover"
              data-cy="cash-plan-table-row"
              role="checkbox"
            >
              <td
                class="MuiTableCell-root MuiTableCell-body MuiTableCell-alignLeft"
              >
                <a
                  class="sc-iwsKbI kdOUDe"
                  href="/afghanistan/programs/UHJvZ3JhbU5vZGU6YzRkNTY1N2QtMWEyOS00NmUxLTgxOTAtZGY3Zjg1YTBkMmVm/cashplans/Q2FzaFBsYW5Ob2RlOjk1NGY3OWE3LTdiZDYtNDU5ZS05ZGE4LTQzNjg3ZDY0NjYyNg=="
                >
                  <div
                    style="text-overflow: ellipsis;"
                  >
                    123-21-CSH-00003
                  </div>
                </a>
              </td>
              <td
                class="MuiTableCell-root MuiTableCell-body MuiTableCell-alignLeft"
              >
                <div
                  class="sc-htoDjs koRFFa"
                >
                  <div
                    class="sc-dnqmqq QDGnp"
                    data-cy="status-container"
                  >
                    PENDING
                  </div>
                </div>
              </td>
              <td
                class="MuiTableCell-root MuiTableCell-body MuiTableCell-alignRight"
              >
                5
              </td>
              <td
                class="MuiTableCell-root MuiTableCell-body MuiTableCell-alignLeft"
              />
              <td
                class="MuiTableCell-root MuiTableCell-body MuiTableCell-alignRight"
              >
                2,463,289.03
              </td>
              <td
                class="MuiTableCell-root MuiTableCell-body MuiTableCell-alignRight"
              >
                14,923,041.29
              </td>
              <td
                class="MuiTableCell-root MuiTableCell-body MuiTableCell-alignRight"
              >
                16,301,871.34
              </td>
              <td
                class="MuiTableCell-root MuiTableCell-body MuiTableCell-alignLeft"
              >
                -
              </td>
            </tr>
          </tbody>
        </table>
      </div>
      <div
        class="MuiTablePagination-root"
        data-cy="table-pagination"
      >
        <div
          class="MuiToolbar-root MuiToolbar-regular MuiTablePagination-toolbar MuiToolbar-gutters"
        >
          <div
            class="MuiTablePagination-spacer"
          />
          <p
            class="MuiTypography-root MuiTablePagination-caption MuiTypography-body2 MuiTypography-colorInherit"
            id="mui-5806"
          >
            Rows per page:
          </p>
          <div
            class="MuiInputBase-root MuiTablePagination-input MuiTablePagination-selectRoot"
          >
            <div
              aria-haspopup="listbox"
              aria-labelledby="mui-5806 mui-73230"
              class="MuiSelect-root MuiSelect-select MuiTablePagination-select MuiSelect-selectMenu MuiInputBase-input"
              id="mui-73230"
              role="button"
              tabindex="0"
            >
              5
            </div>
            <input
              aria-hidden="true"
              class="MuiSelect-nativeInput"
              tabindex="-1"
              value="5"
            />
            <svg
              aria-hidden="true"
              class="MuiSvgIcon-root MuiSelect-icon MuiTablePagination-selectIcon"
              focusable="false"
              viewBox="0 0 24 24"
            >
              <path
                d="M7 10l5 5 5-5z"
              />
            </svg>
          </div>
          <p
            class="MuiTypography-root MuiTablePagination-caption MuiTypography-body2 MuiTypography-colorInherit"
          >
            1-5 of 7
          </p>
          <div
            class="MuiTablePagination-actions"
          >
            <button
              aria-label="Previous page"
              class="MuiButtonBase-root MuiIconButton-root MuiIconButton-colorInherit Mui-disabled Mui-disabled"
              disabled=""
              tabindex="-1"
              title="Previous page"
              type="button"
            >
              <span
                class="MuiIconButton-label"
              >
                <svg
                  aria-hidden="true"
                  class="MuiSvgIcon-root"
                  focusable="false"
                  viewBox="0 0 24 24"
                >
                  <path
                    d="M15.41 16.09l-4.58-4.59 4.58-4.59L14 5.5l-6 6 6 6z"
                  />
                </svg>
              </span>
            </button>
            <button
              aria-label="Next page"
              class="MuiButtonBase-root MuiIconButton-root MuiIconButton-colorInherit"
              tabindex="0"
              title="Next page"
              type="button"
            >
              <span
                class="MuiIconButton-label"
              >
                <svg
                  aria-hidden="true"
                  class="MuiSvgIcon-root"
                  focusable="false"
                  viewBox="0 0 24 24"
                >
                  <path
                    d="M8.59 16.34l4.58-4.59-4.58-4.59L10 5.75l6 6-6 6z"
                  />
                </svg>
              </span>
              <span
                class="MuiTouchRipple-root"
              />
            </button>
          </div>
        </div>
      </div>
    </div>
  </div>
</div>
`;
