// Jest Snapshot v1, https://goo.gl/fbAQLP

exports[`components/population/IndividualBioData should render 1`] = `
<div>
  <div
    class="MuiPaper-root sc-cSHVUG gnjeDy MuiPaper-elevation1 MuiPaper-rounded"
  >
    <div
      class="sc-bxivhb jsIVNl"
    >
      <h6
        class="MuiTypography-root MuiTypography-h6"
      >
        Bio Data
      </h6>
    </div>
    <div
      class="MuiGrid-root MuiGrid-container MuiGrid-spacing-xs-6"
    >
      <div
        class="MuiGrid-root MuiGrid-item MuiGrid-grid-xs-3"
      >
        <div>
          <span
            class="sc-bwzfXH eoWrid"
            color="textSecondary"
          >
            Full Name
          </span>
          <div
            data-cy="label-Full Name"
          >
            Jan Romaniak
          </div>
        </div>
      </div>
      <div
        class="MuiGrid-root MuiGrid-item MuiGrid-grid-xs-3"
      >
        <div>
          <span
            class="sc-bwzfXH eoWrid"
            color="textSecondary"
          >
            Given Name
          </span>
          <div
            data-cy="label-Given Name"
          >
            Jan
          </div>
        </div>
      </div>
      <div
        class="MuiGrid-root MuiGrid-item MuiGrid-grid-xs-3"
      >
        <div>
          <span
            class="sc-bwzfXH eoWrid"
            color="textSecondary"
          >
            Middle Name
          </span>
          <div
            data-cy="label-Middle Name"
          >
            -
          </div>
        </div>
      </div>
      <div
        class="MuiGrid-root MuiGrid-item MuiGrid-grid-xs-3"
      >
        <div>
          <span
            class="sc-bwzfXH eoWrid"
            color="textSecondary"
          >
            Family Name
          </span>
          <div
            data-cy="label-Family Name"
          >
            Romaniak
          </div>
        </div>
      </div>
      <div
        class="MuiGrid-root MuiGrid-item MuiGrid-grid-xs-3"
      >
        <div>
          <span
            class="sc-bwzfXH eoWrid"
            color="textSecondary"
          >
            Gender
          </span>
          <div
            data-cy="label-Gender"
          >
            Male
          </div>
        </div>
      </div>
      <div
        class="MuiGrid-root MuiGrid-item MuiGrid-grid-xs-3"
      >
        <div>
          <span
            class="sc-bwzfXH eoWrid"
            color="textSecondary"
          >
            Age
          </span>
          <div
            data-cy="label-Age"
          >
            121
          </div>
        </div>
      </div>
      <div
        class="MuiGrid-root MuiGrid-item MuiGrid-grid-xs-3"
      >
        <div>
          <span
            class="sc-bwzfXH eoWrid"
            color="textSecondary"
          >
            Date of Birth
          </span>
          <div
            data-cy="label-Date of Birth"
          >
            <time
              datetime="-2176675200000"
            >
              10 Jan 1901
            </time>
          </div>
        </div>
      </div>
      <div
        class="MuiGrid-root MuiGrid-item MuiGrid-grid-xs-3"
      >
        <div>
          <span
            class="sc-bwzfXH eoWrid"
            color="textSecondary"
          >
            Estimated Date of Birth
          </span>
          <div
            data-cy="label-Estimated Date of Birth"
          >
            No
          </div>
        </div>
      </div>
      <div
        class="MuiGrid-root MuiGrid-item MuiGrid-grid-xs-3"
      >
        <div>
          <span
            class="sc-bwzfXH eoWrid"
            color="textSecondary"
          >
            Marital Status
          </span>
          <div
            data-cy="label-Marital Status"
          >
            Married
          </div>
        </div>
      </div>
      <div
        class="MuiGrid-root MuiGrid-item MuiGrid-grid-xs-3"
      >
        <div>
          <span
            class="sc-bwzfXH eoWrid"
            color="textSecondary"
          >
            Work Status
          </span>
          <div
            data-cy="label-Work Status"
          >
            Not provided
          </div>
        </div>
      </div>
      <div
        class="MuiGrid-root MuiGrid-item MuiGrid-grid-xs-3"
      >
        <div>
          <span
            class="sc-bwzfXH eoWrid"
            color="textSecondary"
          >
            Pregnant
          </span>
          <div
            data-cy="label-Pregnant"
          >
            No
          </div>
        </div>
      </div>
      <div
        class="MuiGrid-root MuiGrid-item MuiGrid-grid-xs-3"
      >
        <div>
          <span
            class="sc-bwzfXH eoWrid"
            color="textSecondary"
          >
            Household ID
          </span>
          <div
            data-cy="label-Household ID"
          >
            <a
              class="sc-bdVaJa hqCmJD"
              href="/afghanistan/population/household/SG91c2Vob2xkTm9kZTowMTk1YTEzYi0wYThkLTRiYTEtYjM0OS00MDY4YWNmOTViNDE="
            >
              HH-20-0000.0002
            </a>
          </div>
        </div>
      </div>
      <div
        class="MuiGrid-root MuiGrid-item MuiGrid-grid-xs-3"
      >
        <div>
          <span
            class="sc-bwzfXH eoWrid"
            color="textSecondary"
          >
            Role
          </span>
          <div
            data-cy="label-Role"
          >
            None
          </div>
        </div>
      </div>
      <div
        class="MuiGrid-root MuiGrid-item MuiGrid-grid-xs-3"
      >
        <div>
          <span
            class="sc-bwzfXH eoWrid"
            color="textSecondary"
          >
            Relationship to HOH
          </span>
          <div
            data-cy="label-Relationship to HOH"
          >
            Brother / Sister
          </div>
        </div>
      </div>
      <div
        class="MuiGrid-root MuiGrid-item MuiGrid-grid-xs-3"
      >
        <div>
          <span
            class="sc-bwzfXH eoWrid"
            color="textSecondary"
          >
            Preferred language
          </span>
          <div
            data-cy="label-Preferred language"
          >
            -
          </div>
        </div>
      </div>
      <div
        class="MuiGrid-root MuiGrid-item MuiGrid-grid-xs-3"
      >
        <div>
          <span
            class="sc-bwzfXH eoWrid"
            color="textSecondary"
          >
            Linked Households
          </span>
          <div
            data-cy="label-Linked Households"
          >
            -
          </div>
        </div>
      </div>
      <div
        class="MuiGrid-root MuiGrid-item MuiGrid-grid-xs-12"
      >
        <div
          class="sc-kAzzGY ZtRWH"
        />
      </div>
      <div
        class="MuiGrid-root MuiGrid-item MuiGrid-grid-xs-3"
      >
        <div>
          <span
            class="sc-bwzfXH eoWrid"
            color="textSecondary"
          >
            Observed disabilities
          </span>
          <div
            data-cy="label-Observed disabilities"
          >
            -
          </div>
        </div>
      </div>
      <div
        class="MuiGrid-root MuiGrid-item MuiGrid-grid-xs-3"
      >
        <div>
          <span
            class="sc-bwzfXH eoWrid"
            color="textSecondary"
          >
            Seeing disability severity
          </span>
          <div
            data-cy="label-Seeing disability severity"
          >
            None
          </div>
        </div>
      </div>
      <div
        class="MuiGrid-root MuiGrid-item MuiGrid-grid-xs-3"
      >
        <div>
          <span
            class="sc-bwzfXH eoWrid"
            color="textSecondary"
          >
            Hearing disability severity
          </span>
          <div
            data-cy="label-Hearing disability severity"
          >
            None
          </div>
        </div>
      </div>
      <div
        class="MuiGrid-root MuiGrid-item MuiGrid-grid-xs-3"
      >
        <div>
          <span
            class="sc-bwzfXH eoWrid"
            color="textSecondary"
          >
            Physical disability severity
          </span>
          <div
            data-cy="label-Physical disability severity"
          >
            None
          </div>
        </div>
      </div>
      <div
        class="MuiGrid-root MuiGrid-item MuiGrid-grid-xs-3"
      >
        <div>
          <span
            class="sc-bwzfXH eoWrid"
            color="textSecondary"
          >
            Remembering or concentrating disability severity
          </span>
          <div
            data-cy="label-Remembering or concentrating disability severity"
          >
            None
          </div>
        </div>
      </div>
      <div
        class="MuiGrid-root MuiGrid-item MuiGrid-grid-xs-3"
      >
        <div>
          <span
            class="sc-bwzfXH eoWrid"
            color="textSecondary"
          >
            Self-care disability severity
          </span>
          <div
            data-cy="label-Self-care disability severity"
          >
            None
          </div>
        </div>
      </div>
      <div
        class="MuiGrid-root MuiGrid-item MuiGrid-grid-xs-3"
      >
        <div>
          <span
            class="sc-bwzfXH eoWrid"
            color="textSecondary"
          >
            Communicating disability severity
          </span>
          <div
            data-cy="label-Communicating disability severity"
          >
            None
          </div>
        </div>
      </div>
      <div
        class="MuiGrid-root MuiGrid-item MuiGrid-grid-xs-3"
      >
        <div>
          <span
            class="sc-bwzfXH eoWrid"
            color="textSecondary"
          >
            Disability
          </span>
          <div
            data-cy="label-Disability"
          >
            Not Disabled
          </div>
        </div>
      </div>
      <div
        class="MuiGrid-root MuiGrid-item MuiGrid-grid-xs-12"
      >
        <div
          class="sc-kAzzGY ZtRWH"
        />
      </div>
      <div
        class="MuiGrid-root MuiGrid-item MuiGrid-grid-xs-3"
      >
        <div
          class="MuiBox-root MuiBox-root-1"
        >
          <div
            class="MuiBox-root MuiBox-root-2"
          >
            <div>
              <span
                class="sc-bwzfXH eoWrid"
                color="textSecondary"
              >
                National ID
              </span>
              <div
                data-cy="label-National ID"
              >
                WSH221365
              </div>
            </div>
          </div>
          <div>
            <span
              class="sc-bwzfXH eoWrid"
              color="textSecondary"
            >
              issued
            </span>
            <div
              data-cy="label-issued"
            >
              Poland
            </div>
          </div>
        </div>
      </div>
      <div
        class="MuiGrid-root MuiGrid-item MuiGrid-grid-xs-12"
      >
        <div
          class="sc-kAzzGY ZtRWH"
        />
      </div>
      <div
        class="MuiGrid-root MuiGrid-item MuiGrid-grid-xs-3"
      >
        <div>
          <span
            class="sc-bwzfXH eoWrid"
            color="textSecondary"
          >
            Email
          </span>
          <div
            data-cy="label-Email"
          >
            -
          </div>
        </div>
      </div>
      <div
        class="MuiGrid-root MuiGrid-item MuiGrid-grid-xs-3"
      >
        <div>
          <span
            class="sc-bwzfXH eoWrid"
            color="textSecondary"
          >
            Phone Number
          </span>
          <div
            data-cy="label-Phone Number"
          >
            +48734123423
          </div>
        </div>
      </div>
      <div
        class="MuiGrid-root MuiGrid-item MuiGrid-grid-xs-3"
      >
        <div>
          <span
            class="sc-bwzfXH eoWrid"
            color="textSecondary"
          >
            Alternative Phone Number
          </span>
          <div
            data-cy="label-Alternative Phone Number"
          >
            -
          </div>
        </div>
      </div>
      <div
        class="MuiGrid-root MuiGrid-item MuiGrid-grid-xs-12"
      >
        <div
          class="sc-kAzzGY ZtRWH"
        />
      </div>
      <div
        class="MuiGrid-root MuiGrid-item MuiGrid-grid-xs-3"
      >
        <div>
          <span
            class="sc-bwzfXH eoWrid"
            color="textSecondary"
          >
            Date of last screening against sanctions list
          </span>
          <div
            data-cy="label-Date of last screening against sanctions list"
          >
            <time
              datetime="1644305739718"
            >
              8 Feb 2022
            </time>
          </div>
        </div>
      </div>
      <div
        class="MuiGrid-root MuiGrid-item MuiGrid-grid-xs-6"
      >
        <div>
          <span
            class="sc-bwzfXH eoWrid"
            color="textSecondary"
          >
            Linked Grievances
          </span>
          <div
            data-cy="label-Linked Grievances"
          >
            <span
              class="sc-htpNat cwQQYq"
              color="textSecondary"
            >
              <span>
                -
              </span>
            </span>
          </div>
        </div>
      </div>
    </div>
  </div>
</div>
`;
