// Jest Snapshot v1, https://goo.gl/fbAQLP

exports[`components/core/CashPlanDetails should render 1`] = `
<div>
  <div
    class="MuiPaper-root sc-bdVaJa iGsvgX MuiPaper-elevation1 MuiPaper-rounded"
  >
    <div
      class="MuiBox-root MuiBox-root-1"
      style="width: 100%;"
    >
      <div
        class="MuiBox-root MuiBox-root-2"
      >
        <div
          class="sc-gzVnrw AoKEu"
        >
          <h6
            class="MuiTypography-root MuiTypography-h6"
          >
            Cash Plan Details
          </h6>
        </div>
        <div
          class="sc-ifAKCX iZCSws"
        >
          <div
            class="MuiGrid-root MuiGrid-container MuiGrid-spacing-xs-6"
          >
            <div
              class="MuiGrid-root MuiGrid-item MuiGrid-grid-xs-4"
            >
              <div>
                <span
                  class="sc-htpNat hcDmtB"
                  color="textSecondary"
                >
                  Status
                </span>
                <div
                  data-cy="label-Status"
                >
                  <div
                    class="sc-EHOje gFjtOh"
                  >
                    <div
                      class="sc-bZQynM kQLhqL"
                      data-cy="status-container"
                    >
                      DISTRIBUTION COMPLETED
                    </div>
                  </div>
                </div>
              </div>
            </div>
            <div
              class="MuiGrid-root MuiGrid-item MuiGrid-grid-xs-4"
            >
              <div>
                <span
                  class="sc-htpNat hcDmtB"
                  color="textSecondary"
                >
                  Plan Start Date
                </span>
                <div
                  data-cy="label-Plan Start Date"
                >
                  <span
                    class="sc-bxivhb FSIfE"
                    color="textSecondary"
                  >
                    <time
                      datetime="1594703053000"
                    >
                      14 Jul 2020
                    </time>
                  </span>
                </div>
              </div>
            </div>
            <div
              class="MuiGrid-root MuiGrid-item MuiGrid-grid-xs-4"
            >
              <div>
                <span
                  class="sc-htpNat hcDmtB"
                  color="textSecondary"
                >
                  Plan End Date
                </span>
                <div
                  data-cy="label-Plan End Date"
                >
                  <span
                    class="sc-bxivhb FSIfE"
                    color="textSecondary"
                  >
                    <time
                      datetime="1679029453000"
                    >
                      17 Mar 2023
                    </time>
                  </span>
                </div>
              </div>
            </div>
            <div
              class="MuiGrid-root MuiGrid-item MuiGrid-grid-xs-4"
            >
              <div>
                <span
                  class="sc-htpNat hcDmtB"
                  color="textSecondary"
                >
                  cash plan name
                </span>
                <div
                  data-cy="label-cash plan name"
                >
                  <span
                    class="sc-bxivhb FSIfE"
                    color="textSecondary"
                  >
                    Military citizen until amount.
                  </span>
                </div>
              </div>
            </div>
            <div
              class="MuiGrid-root MuiGrid-item MuiGrid-grid-xs-4"
            >
              <div>
                <span
                  class="sc-htpNat hcDmtB"
                  color="textSecondary"
                >
                  delivery type
                </span>
                <div
                  data-cy="label-delivery type"
                >
                  <span
                    class="sc-bxivhb FSIfE"
                    color="textSecondary"
                  >
                    Voucher
                  </span>
                </div>
              </div>
            </div>
            <div
              class="MuiGrid-root MuiGrid-item MuiGrid-grid-xs-4"
            >
              <div>
                <span
                  class="sc-htpNat hcDmtB"
                  color="textSecondary"
                >
                  assistance through
                </span>
                <div
                  data-cy="label-assistance through"
                >
                  -
                </div>
              </div>
            </div>
            <div
              class="MuiGrid-root MuiGrid-item MuiGrid-grid-xs-4"
            >
              <div>
                <span
                  class="sc-htpNat hcDmtB"
                  color="textSecondary"
                >
                  dispertion date
                </span>
                <div
                  data-cy="label-dispertion date"
                >
                  <span
                    class="sc-bxivhb FSIfE"
                    color="textSecondary"
                  >
                    <time
                      datetime="1639458253000"
                    >
                      14 Dec 2021
                    </time>
                  </span>
                </div>
              </div>
            </div>
            <div
              class="MuiGrid-root MuiGrid-item MuiGrid-grid-xs-4"
            >
              <div>
                <span
                  class="sc-htpNat hcDmtB"
                  color="textSecondary"
                >
                  fc id
                </span>
                <div
                  data-cy="label-fc id"
                >
                  <span
                    class="sc-bxivhb FSIfE"
                    color="textSecondary"
                  >
                    62947144
                  </span>
                </div>
              </div>
            </div>
            <div
              class="MuiGrid-root MuiGrid-item MuiGrid-grid-xs-4"
            >
              <div>
                <span
                  class="sc-htpNat hcDmtB"
                  color="textSecondary"
                >
                  dp id
                </span>
                <div
                  data-cy="label-dp id"
                >
                  <span
                    class="sc-bxivhb FSIfE"
                    color="textSecondary"
                  >
                    27371694
                  </span>
                </div>
              </div>
            </div>
            <div
              class="MuiGrid-root MuiGrid-item MuiGrid-grid-xs-4"
            >
              <div>
                <span
                  class="sc-htpNat hcDmtB"
                  color="textSecondary"
                >
                  Target population(s)
                </span>
                <div
                  data-cy="label-Target population(s)"
                >
                  <span
                    class="sc-bxivhb FSIfE"
                    color="textSecondary"
                  >
                    <span>
                      <a
                        class="sc-bwzfXH kvzhbg"
                        href="/afghanistan/target-population/VGFyZ2V0UG9wdWxhdGlvbk5vZGU6ZGRlODE4MDUtMWQ0Ny00YzY0LTgzYTMtMzQ3NWEzMGVmZTJk"
                      >
                        Floor anyone remain play most.
                      </a>
                       
                    </span>
                    <span>
                      <a
                        class="sc-bwzfXH kvzhbg"
                        href="/afghanistan/target-population/VGFyZ2V0UG9wdWxhdGlvbk5vZGU6MTdlM2VmMjAtNjczMy00ZDNhLWFiMDUtZjVkOTgzZjViMjI1"
                      >
                        Former center score fire role.
                      </a>
                       
                    </span>
                    <span>
                      <a
                        class="sc-bwzfXH kvzhbg"
                        href="/afghanistan/target-population/VGFyZ2V0UG9wdWxhdGlvbk5vZGU6MjRkMTdhODktMjg4OC00NDI0LTgxMDAtYmU3MTZjOWFkNDk3"
                      >
                        Stock before maybe campaign blue history recently.
                      </a>
                       
                    </span>
                    <span>
                      <a
                        class="sc-bwzfXH kvzhbg"
                        href="/afghanistan/target-population/VGFyZ2V0UG9wdWxhdGlvbk5vZGU6NzNiNTFhNjctZmRmNy00ODkwLWIyOWItMjhhYzk4NTc4OGRk"
                      >
                        Eight affect late place.
                      </a>
                       
                    </span>
                    <span>
                      <a
                        class="sc-bwzfXH kvzhbg"
                        href="/afghanistan/target-population/VGFyZ2V0UG9wdWxhdGlvbk5vZGU6ZjZkZjc2MDctMzMyZi00NDYwLWJiMzgtMTZiZGM4MGVkNTkz"
                      >
                        Seek development woman once worker.
                      </a>
                       
                    </span>
                  </span>
                </div>
              </div>
            </div>
          </div>
          <div
            class="sc-htoDjs eWsWTE"
          >
            <div>
              <span
                class="sc-htpNat hcDmtB"
                color="textSecondary"
              >
                Total Number of Households
              </span>
              <div
                data-cy="label-Total Number of Households"
              >
                <div
                  class="sc-dnqmqq dXXPUY"
                >
                  5
                </div>
              </div>
            </div>
          </div>
        </div>
      </div>
    </div>
  </div>
</div>
`;
