// Jest Snapshot v1, https://goo.gl/fbAQLP

exports[`components/paymentmodule/PaymentPlanDetails/PaymentPlanDetailsHeader/HeaderButtons/AcceptedPaymentPlanHeaderButtons should render with buttons 1`] = `
<div>
  <div
    class="MuiBox-root MuiBox-root-2"
  >
    <div
      class="MuiBox-root MuiBox-root-3"
    >
      <button
        class="MuiButtonBase-root MuiButton-root MuiButton-contained MuiButton-containedPrimary Mui-disabled Mui-disabled"
        data-cy="button-export-xlsx"
        disabled=""
        tabindex="-1"
        type="button"
      >
        <span
          class="MuiButton-label"
        >
          <span
            class="MuiButton-startIcon MuiButton-iconSizeMedium"
          >
            <svg
              aria-hidden="true"
              class="MuiSvgIcon-root"
              focusable="false"
              viewBox="0 0 24 24"
            >
              <path
                d="M19 9h-4V3H9v6H5l7 7 7-7zM5 18v2h14v-2H5z"
              />
            </svg>
          </span>
          Export Xlsx
        </span>
      </button>
    </div>
    <div
      class="MuiBox-root MuiBox-root-4"
    >
      <button
        class="MuiButtonBase-root MuiButton-root MuiButton-contained MuiButton-containedPrimary"
        tabindex="0"
        type="button"
      >
        <span
          class="MuiButton-label"
        >
          Send to FSP
        </span>
        <span
          class="MuiTouchRipple-root"
        />
      </button>
    </div>
  </div>
</div>
`;

exports[`components/paymentmodule/PaymentPlanDetails/PaymentPlanDetailsHeader/HeaderButtons/AcceptedPaymentPlanHeaderButtons should render with no buttons 1`] = `
<div>
  <div
    class="MuiBox-root MuiBox-root-1"
  />
</div>
`;
