// Jest Snapshot v1, https://goo.gl/fbAQLP

exports[`components/paymentmodule/PaymentPlanDetails/PaymentPlanDetailsHeader/HeaderButtons/LockedPaymentPlanHeaderButtons should render with buttons 1`] = `
<div>
  <div
    class="MuiBox-root MuiBox-root-1"
  >
    <div
      class="MuiBox-root MuiBox-root-2"
    >
      <button
        class="MuiButtonBase-root MuiButton-root MuiButton-outlined MuiButton-outlinedPrimary"
        tabindex="0"
        type="button"
      >
        <span
          class="MuiButton-label"
        >
          Unlock
        </span>
        <span
          class="MuiTouchRipple-root"
        />
      </button>
    </div>
    <div
      class="MuiBox-root MuiBox-root-3"
    >
      <button
        class="MuiButtonBase-root MuiButton-root MuiButton-contained MuiButton-containedPrimary"
        tabindex="0"
        type="button"
      >
        <span
          class="MuiButton-label"
        >
          Send For Approval
        </span>
        <span
          class="MuiTouchRipple-root"
        />
      </button>
    </div>
  </div>
</div>
`;
