// Jest Snapshot v1, https://goo.gl/fbAQLP

exports[`components/paymentmodule/PaymentPlanDetails/PaymentPlanDetailsHeader/HeaderButtons/OpenPaymentPlanHeaderButtons should render with buttons 1`] = `
<div>
  <div
    class="MuiBox-root MuiBox-root-1"
  >
    <div
      class="MuiBox-root MuiBox-root-2"
    >
      <button
        class="MuiButtonBase-root MuiIconButton-root"
        tabindex="0"
        type="button"
      >
        <span
          class="MuiIconButton-label"
        >
          <svg
            aria-hidden="true"
            class="MuiSvgIcon-root"
            focusable="false"
            viewBox="0 0 24 24"
          >
            <path
              d="M6 19c0 1.1.9 2 2 2h8c1.1 0 2-.9 2-2V7H6v12zM19 4h-3.5l-1-1h-5l-1 1H5v2h14V4z"
            />
          </svg>
        </span>
        <span
          class="MuiTouchRipple-root"
        />
      </button>
    </div>
    <div
      class="MuiBox-root MuiBox-root-3"
    >
      <a
        aria-disabled="false"
        class="MuiButtonBase-root MuiButton-root MuiButton-outlined MuiButton-outlinedPrimary"
        href="/afghanistan/programs/all/payment-module/payment-plans/UGF5bWVudFBsYW5Ob2RlOmE5YzJjMmM4LWJmYWUtNDBhMy05YmYwLWIxYWE1ZmRlMDE0YQ==/edit"
        role="button"
        tabindex="0"
      >
        <span
          class="MuiButton-label"
        >
          <span
            class="MuiButton-startIcon MuiButton-iconSizeMedium"
          >
            <svg
              aria-hidden="true"
              class="MuiSvgIcon-root"
              focusable="false"
              viewBox="0 0 24 24"
            >
              <path
                d="M3 17.46v3.04c0 .28.22.5.5.5h3.04c.13 0 .26-.05.35-.15L17.81 9.94l-3.75-3.75L3.15 17.1c-.1.1-.15.22-.15.36zM20.71 7.04c.39-.39.39-1.02 0-1.41l-2.34-2.34a.9959.9959 0 00-1.41 0l-1.83 1.83 3.75 3.75 1.83-1.83z"
              />
            </svg>
          </span>
          Edit
        </span>
        <span
          class="MuiTouchRipple-root"
        />
      </a>
    </div>
    <div
      class="MuiBox-root MuiBox-root-4"
    >
      <div
        class="MuiBox-root MuiBox-root-5"
      >
        <button
          class="MuiButtonBase-root MuiButton-root MuiButton-contained MuiButton-containedPrimary"
          data-cy="button-lock-plan"
          tabindex="0"
          type="button"
        >
          <span
            class="MuiButton-label"
          >
            Lock
          </span>
          <span
            class="MuiTouchRipple-root"
          />
        </button>
      </div>
    </div>
  </div>
</div>
`;
