// Jest Snapshot v1, https://goo.gl/fbAQLP

exports[`components/paymentmodule/DeliveryMechanismWarning should render 1`] = `
<div>
  <div
    class="MuiBox-root MuiBox-root-1 sc-bdVaJa ipgjPT"
    data-cy="warning-box"
  >
    <svg
      aria-hidden="true"
      class="MuiSvgIcon-root sc-bwzfXH jkqdCD"
      focusable="false"
      viewBox="0 0 24 24"
    >
      <path
        d="M11 15h2v2h-2zm0-8h2v6h-2zm.99-5C6.47 2 2 6.48 2 12s4.47 10 9.99 10C17.52 22 22 17.52 22 12S17.52 2 11.99 2zM12 20c-4.42 0-8-3.58-8-8s3.58-8 8-8 8 3.58 8 8-3.58 8-8 8z"
      />
    </svg>
    Test DM warning comp
  </div>
</div>
`;
