// Jest Snapshot v1, https://goo.gl/fbAQLP

exports[`components/population/HouseholdVulnerabilities should render 1`] = `
<div>
  <div>
    <div
      class="MuiPaper-root sc-htoDjs bshDgT MuiPaper-elevation1 MuiPaper-rounded"
    >
      <div
        class="sc-htpNat hUqbZq"
      >
        <h6
          class="MuiTypography-root MuiTypography-h6"
        >
          Vulnerabilities
        </h6>
      </div>
      <div
        class="MuiGrid-root MuiGrid-container MuiGrid-spacing-xs-6"
      >
        <div
          class="MuiGrid-root MuiGrid-item MuiGrid-grid-xs-4"
        >
          <div>
            <span
              class="sc-bdVaJa kwsjSG"
              color="textSecondary"
            >
              months displaced
            </span>
            <div
              data-cy="label-months displaced"
            >
              <span
                class="sc-bwzfXH eVLibZ"
                color="textSecondary"
              >
                12
              </span>
            </div>
          </div>
        </div>
        <div
          class="MuiGrid-root MuiGrid-item MuiGrid-grid-xs-4"
        >
          <div>
            <span
              class="sc-bdVaJa kwsjSG"
              color="textSecondary"
            >
              difficulty breathing h f
            </span>
            <div
              data-cy="label-difficulty breathing h f"
            >
              <span
                class="sc-bwzfXH eVLibZ"
                color="textSecondary"
              >
                Yes
              </span>
            </div>
          </div>
        </div>
      </div>
    </div>
  </div>
</div>
`;
