// Jest Snapshot v1, https://goo.gl/fbAQLP

exports[`components/dashboard/TotalNumberOfIndividualsReachedSection should render 1`] = `
<div>
  <div
    class="MuiPaper-root sc-dnqmqq QsoBu MuiPaper-elevation1 MuiPaper-rounded"
    color="#345DA0"
  >
    <div
      class="sc-htpNat izTSWH"
    >
      TOTAL NUMBER OF INDIVIDUALS REACHED
    </div>
    <div
      class="MuiGrid-root MuiGrid-container MuiGrid-align-items-xs-center MuiGrid-justify-xs-space-between"
    >
      <div
        class="MuiGrid-root MuiGrid-item"
      >
        <div
          class="sc-htoDjs fhSiPP"
        >
          0
        </div>
      </div>
      <div
        class="MuiGrid-root MuiGrid-item"
      >
        <div
          class="sc-bZQynM jhNgfH"
          color="#023F90"
        >
          <svg
            aria-hidden="true"
            class="MuiSvgIcon-root MuiSvgIcon-fontSizeInherit"
            focusable="false"
            viewBox="0 0 24 24"
          >
            <path
              d="M12 12c2.21 0 4-1.79 4-4s-1.79-4-4-4-4 1.79-4 4 1.79 4 4 4zm0 2c-2.67 0-8 1.34-8 4v2h16v-2c0-2.66-5.33-4-8-4z"
            />
          </svg>
        </div>
      </div>
    </div>
  </div>
</div>
`;
