// Jest Snapshot v1, https://goo.gl/fbAQLP

exports[`components/paymentmodule/PaymentPlanDetails/PaymentPlanDetailsHeader/AuthorizePaymentPlan should render 1`] = `
<div>
  <div
    class="MuiBox-root MuiBox-root-1"
  >
    <button
      class="MuiButtonBase-root MuiButton-root MuiButton-contained MuiButton-containedPrimary Mui-disabled Mui-disabled"
      data-cy="button-authorize"
      disabled=""
      tabindex="-1"
      type="button"
    >
      <span
        class="MuiButton-label"
      >
        Authorize
      </span>
    </button>
  </div>
</div>
`;
