// Jest Snapshot v1, https://goo.gl/fbAQLP

exports[`components/paymentmodule/PaymentPlanDetails/PaymentPlanDetailsHeader/RejectPaymentPlan should render 1`] = `
<div>
  <div
    class="MuiBox-root MuiBox-root-1"
  >
    <button
      class="MuiButtonBase-root MuiButton-root MuiButton-text makeStyles-error-2"
      data-cy="button-reject-payment-plan"
      tabindex="0"
      type="button"
    >
      <span
        class="MuiButton-label"
      >
        Reject
      </span>
      <span
        class="MuiTouchRipple-root"
      />
    </button>
  </div>
</div>
`;
