// Jest Snapshot v1, https://goo.gl/fbAQLP

exports[`components/rdi/details/households/HouseholdDetails should render 1`] = `
<div>
  <div
    class="MuiPaper-root sc-bdVaJa fUBeDk MuiPaper-elevation1 MuiPaper-rounded"
  >
    <div
      class="sc-ifAKCX jDHyWJ"
    >
      <h6
        class="MuiTypography-root MuiTypography-h6"
      >
        Details
      </h6>
    </div>
    <div
      class="sc-EHOje dYoyHb"
    >
      <div
        class="MuiGrid-root MuiGrid-container MuiGrid-spacing-xs-6"
      >
        <div
          class="MuiGrid-root MuiGrid-item MuiGrid-grid-xs-3"
        >
          <div>
            <span
              class="sc-htpNat hcDmtB"
              color="textSecondary"
            >
              Household Size
            </span>
            <div
              data-cy="label-Household Size"
            >
              4
            </div>
          </div>
        </div>
        <div
          class="MuiGrid-root MuiGrid-item MuiGrid-grid-xs-3"
        >
          <div>
            <span
              class="sc-htpNat hcDmtB"
              color="textSecondary"
            >
              Country
            </span>
            <div
              data-cy="label-Country"
            >
              Isle of Man
            </div>
          </div>
        </div>
        <div
          class="MuiGrid-root MuiGrid-item MuiGrid-grid-xs-3"
        >
          <div>
            <span
              class="sc-htpNat hcDmtB"
              color="textSecondary"
            >
              Residence Status
            </span>
            <div
              data-cy="label-Residence Status"
            >
              Displaced  |  Refugee / Asylum Seeker
            </div>
          </div>
        </div>
        <div
          class="MuiGrid-root MuiGrid-item MuiGrid-grid-xs-3"
        >
          <div>
            <span
              class="sc-htpNat hcDmtB"
              color="textSecondary"
            >
              Country of Origin
            </span>
            <div
              data-cy="label-Country of Origin"
            >
              San Marino
            </div>
          </div>
        </div>
        <div
          class="MuiGrid-root MuiGrid-item MuiGrid-grid-xs-3"
        >
          <div>
            <span
              class="sc-htpNat hcDmtB"
              color="textSecondary"
            >
              Head of Household
            </span>
            <div
              data-cy="label-Head of Household"
            >
              <a
                class="sc-bwzfXH kQovbV"
                href="/afghanistan/registration-data-import/individual/SW1wb3J0ZWRJbmRpdmlkdWFsTm9kZTpmM2U0ODBiZC05MDYyLTRkMjktODljYy1kMWM3MGRhZDRmMjk="
              >
                Agata Kowalska
              </a>
            </div>
          </div>
        </div>
        <div
          class="MuiGrid-root MuiGrid-item MuiGrid-grid-xs-3"
        >
          <div>
            <span
              class="sc-htpNat hcDmtB"
              color="textSecondary"
            >
              FEMALE CHILD HEADED HOUSEHOLD
            </span>
            <div
              data-cy="label-FEMALE CHILD HEADED HOUSEHOLD"
            >
              No
            </div>
          </div>
        </div>
        <div
          class="MuiGrid-root MuiGrid-item MuiGrid-grid-xs-3"
        >
          <div>
            <span
              class="sc-htpNat hcDmtB"
              color="textSecondary"
            >
              CHILD HEADED HOUSEHOLD
            </span>
            <div
              data-cy="label-CHILD HEADED HOUSEHOLD"
            >
              No
            </div>
          </div>
        </div>
        <div
          class="MuiGrid-root MuiGrid-item MuiGrid-grid-xs-3"
        >
          <div>
            <span
              class="sc-htpNat hcDmtB"
              color="textSecondary"
            >
              ADMINISTRATIVE LEVEL 1
            </span>
            <div
              data-cy="label-ADMINISTRATIVE LEVEL 1"
            >
              Nangarhar
            </div>
          </div>
        </div>
        <div
          class="MuiGrid-root MuiGrid-item MuiGrid-grid-xs-3"
        >
          <div>
            <span
              class="sc-htpNat hcDmtB"
              color="textSecondary"
            >
              ADMINISTRATIVE LEVEL 2
            </span>
            <div
              data-cy="label-ADMINISTRATIVE LEVEL 2"
            >
              Achin
            </div>
          </div>
        </div>
        <div
          class="MuiGrid-root MuiGrid-item MuiGrid-grid-xs-3"
        >
          <div>
            <span
              class="sc-htpNat hcDmtB"
              color="textSecondary"
            >
              COLLECT TYPE
            </span>
            <div
              data-cy="label-COLLECT TYPE"
            >
              -
            </div>
          </div>
        </div>
      </div>
    </div>
  </div>
</div>
`;
