// Jest Snapshot v1, https://goo.gl/fbAQLP

exports[`components/dashboard/TotalNumberOfHouseholdsReachedSection should render 1`] = `
<div>
  <div
    class="MuiPaper-root sc-gzVnrw caNIDN MuiPaper-elevation1 MuiPaper-rounded"
    color="#00A9FB"
  >
    <div
      class="sc-bdVaJa QtzJE"
    >
      TOTAL NUMBER OF HOUSEHOLDS REACHED
    </div>
    <div
      class="MuiGrid-root MuiGrid-container MuiGrid-align-items-xs-center MuiGrid-justify-xs-space-between"
    >
      <div
        class="MuiGrid-root MuiGrid-item"
      >
        <div
          class="sc-EHOje exIjzT"
        >
          1
        </div>
      </div>
      <div
        class="MuiGrid-root MuiGrid-item"
      >
        <div
          class="sc-ifAKCX ekengs"
          color="#00A9FB"
        >
          <svg
            aria-hidden="true"
            class="MuiSvgIcon-root MuiSvgIcon-fontSizeInherit"
            focusable="false"
            viewBox="0 0 24 24"
          >
            <path
              d="M16 11c1.66 0 2.99-1.34 2.99-3S17.66 5 16 5c-1.66 0-3 1.34-3 3s1.34 3 3 3zm-8 0c1.66 0 2.99-1.34 2.99-3S9.66 5 8 5C6.34 5 5 6.34 5 8s1.34 3 3 3zm0 2c-2.33 0-7 1.17-7 3.5V19h14v-2.5c0-2.33-4.67-3.5-7-3.5zm8 0c-.29 0-.62.02-.97.05 1.16.84 1.97 1.97 1.97 3.45V19h6v-2.5c0-2.33-4.67-3.5-7-3.5z"
            />
          </svg>
        </div>
      </div>
    </div>
  </div>
</div>
`;
