// Jest Snapshot v1, https://goo.gl/fbAQLP

exports[`components/paymentmodule/PaymentPlanDetails/VolumeByDeliveryMechanismSection should render 1`] = `
<div>
  <div
    class="MuiBox-root MuiBox-root-1"
  >
    <div
      class="sc-bxivhb lealwS"
    >
      <h6
        class="MuiTypography-root MuiTypography-h6"
      >
        Volume by Delivery Mechanism
      </h6>
       
    </div>
    <div
      class="sc-ifAKCX WOpjk"
    >
      <div
        class="MuiGrid-root MuiGrid-container"
      >
        <div
          class="MuiGrid-root MuiGrid-item MuiGrid-grid-xs-6"
        >
          <div
            class="sc-htpNat eLbkxR"
            color="#D8E1EE"
          >
            <div>
              <span
                class="sc-bdVaJa kwsjSG"
                color="textSecondary"
              >
                Cash (Miranda Ltd)
              </span>
              <div
                data-cy="label-Cash (Miranda Ltd)"
              >
                <span
                  class="sc-bwzfXH emFVa"
                  color="textSecondary"
                >
                  0 PLN (0 USD)
                </span>
              </div>
            </div>
          </div>
        </div>
        <div
          class="MuiGrid-root MuiGrid-item MuiGrid-grid-xs-6"
        >
          <div
            class="sc-htpNat kToeqy"
            color=" #d8d8d8"
          >
            <div>
              <span
                class="sc-bdVaJa kwsjSG"
                color="textSecondary"
              >
                In Kind (Frazier-Watson)
              </span>
              <div
                data-cy="label-In Kind (Frazier-Watson)"
              >
                <span
                  class="sc-bwzfXH emFVa"
                  color="textSecondary"
                >
                  0 PLN (0 USD)
                </span>
              </div>
            </div>
          </div>
        </div>
        <div
          class="MuiGrid-root MuiGrid-item MuiGrid-grid-xs-6"
        >
          <div
            class="sc-htpNat klzvan"
            color="#003C8F"
          >
            <div>
              <span
                class="sc-bdVaJa kwsjSG"
                color="textSecondary"
              >
                Transfer (Bray Group)
              </span>
              <div
                data-cy="label-Transfer (Bray Group)"
              >
                <span
                  class="sc-bwzfXH emFVa"
                  color="textSecondary"
                >
                  0 PLN (0 USD)
                </span>
              </div>
            </div>
          </div>
        </div>
      </div>
      <div
        class="MuiGrid-root MuiGrid-container MuiGrid-align-items-xs-center"
      >
        <div
          class="MuiGrid-root MuiGrid-item MuiGrid-grid-xs-4"
        >
          <div
            class="sc-EHOje johpGE"
          >
            <canvas
              class="chartjs-render-monitor"
              height="0"
              style="display: block;"
              width="0"
            />
          </div>
        </div>
      </div>
    </div>
  </div>
</div>
`;
