// Jest Snapshot v1, https://goo.gl/fbAQLP

exports[`components/population/HouseholdDetails should render 1`] = `
<div>
  <div
    class="sc-ckVGcZ jaqOpI"
  >
    <div
      class="sc-bxivhb jsIVNl"
    >
      <h6
        class="MuiTypography-root MuiTypography-h6"
      >
        Details
      </h6>
    </div>
    <div
      class="sc-jKJlTe cydhVN"
    >
      <div
        class="MuiGrid-root MuiGrid-container MuiGrid-spacing-xs-3"
      >
        <div
          class="MuiGrid-root MuiGrid-item MuiGrid-grid-xs-3"
        >
          <div>
            <span
              class="sc-bwzfXH eoWrid"
              color="textSecondary"
            >
              Household Size
            </span>
            <div
              data-cy="label-Household Size"
            >
              4
            </div>
          </div>
        </div>
        <div
          class="MuiGrid-root MuiGrid-item MuiGrid-grid-xs-3"
        >
          <div>
            <span
              class="sc-bwzfXH eoWrid"
              color="textSecondary"
            >
              Residence Status
            </span>
            <div
              data-cy="label-Residence Status"
            >
              Displaced  |  Refugee / Asylum Seeker
            </div>
          </div>
        </div>
        <div
          class="MuiGrid-root MuiGrid-item MuiGrid-grid-xs-6"
        >
          <div>
            <span
              class="sc-bwzfXH eoWrid"
              color="textSecondary"
            >
              Head of Household
            </span>
            <div
              data-cy="label-Head of Household"
            >
              <a
                class="sc-bdVaJa iNmLrH"
                href="/afghanistan/programs/UHJvZ3JhbU5vZGU6NmI1OTE1OTktYmNhNy00NDVhLWJmZjItYWU5MTUyMjMxZGFm/population/individuals/SW5kaXZpZHVhbE5vZGU6ZjVmMzgwN2ItYTBjOS00Mjk0LTg0Y2QtNDhkMjllMjZhODU3"
              >
                Agata Kowalska
              </a>
            </div>
          </div>
        </div>
        <div
          class="MuiGrid-root MuiGrid-item MuiGrid-grid-xs-3"
        >
          <div>
            <span
              class="sc-bwzfXH eoWrid"
              color="textSecondary"
            >
              FEMALE CHILD HEADED HOUSEHOLD
            </span>
            <div
              data-cy="label-FEMALE CHILD HEADED HOUSEHOLD"
            >
              No
            </div>
          </div>
        </div>
        <div
          class="MuiGrid-root MuiGrid-item MuiGrid-grid-xs-3"
        >
          <div>
            <span
              class="sc-bwzfXH eoWrid"
              color="textSecondary"
            >
              CHILD HEADED HOUSEHOLD
            </span>
            <div
              data-cy="label-CHILD HEADED HOUSEHOLD"
            >
              No
            </div>
          </div>
        </div>
        <div
          class="MuiGrid-root MuiGrid-item MuiGrid-grid-xs-3"
        >
          <div>
            <span
              class="sc-bwzfXH eoWrid"
              color="textSecondary"
            >
              Country
            </span>
            <div
              data-cy="label-Country"
            >
              Isle of Man
            </div>
          </div>
        </div>
        <div
          class="MuiGrid-root MuiGrid-item MuiGrid-grid-xs-3"
        >
          <div>
            <span
              class="sc-bwzfXH eoWrid"
              color="textSecondary"
            >
              Country of Origin
            </span>
            <div
              data-cy="label-Country of Origin"
            >
              San Marino
            </div>
          </div>
        </div>
        <div
          class="MuiGrid-root MuiGrid-item MuiGrid-grid-xs-3"
        >
          <div>
            <span
              class="sc-bwzfXH eoWrid"
              color="textSecondary"
            >
              Address
            </span>
            <div
              data-cy="label-Address"
            >
              938 Luna Cliffs Apt. 551
Jameschester, SC 24934
            </div>
          </div>
        </div>
        <div
          class="MuiGrid-root MuiGrid-item MuiGrid-grid-xs-3"
        >
          <div>
            <span
              class="sc-bwzfXH eoWrid"
              color="textSecondary"
            >
              Village
            </span>
            <div
              data-cy="label-Village"
            >
              -
            </div>
          </div>
        </div>
        <div
          class="MuiGrid-root MuiGrid-item MuiGrid-grid-xs-3"
        >
          <div>
            <span
              class="sc-bwzfXH eoWrid"
              color="textSecondary"
            >
              Zip code
            </span>
            <div
              data-cy="label-Zip code"
            >
              -
            </div>
          </div>
        </div>
        <div
          class="MuiGrid-root MuiGrid-item MuiGrid-grid-xs-3"
        >
          <div>
            <span
              class="sc-bwzfXH eoWrid"
              color="textSecondary"
            >
              Administrative Level 1
            </span>
            <div
              data-cy="label-Administrative Level 1"
            >
              Nangarhar
            </div>
          </div>
        </div>
        <div
          class="MuiGrid-root MuiGrid-item MuiGrid-grid-xs-3"
        >
          <div>
            <span
              class="sc-bwzfXH eoWrid"
              color="textSecondary"
            >
              Administrative Level 2
            </span>
            <div
              data-cy="label-Administrative Level 2"
            >
              Achin
            </div>
          </div>
        </div>
        <div
          class="MuiGrid-root MuiGrid-item MuiGrid-grid-xs-6"
        >
          <div>
            <span
              class="sc-bwzfXH eoWrid"
              color="textSecondary"
            >
              Geolocation
            </span>
            <div
              data-cy="label-Geolocation"
            >
              70.210209, 172.085021
            </div>
          </div>
        </div>
        <div
          class="MuiGrid-root MuiGrid-item MuiGrid-grid-xs-3"
        >
          <div>
            <span
              class="sc-bwzfXH eoWrid"
              color="textSecondary"
            >
              UNHCR CASE ID
            </span>
            <div
              data-cy="label-UNHCR CASE ID"
            >
              -
            </div>
          </div>
        </div>
        <div
          class="MuiGrid-root MuiGrid-item MuiGrid-grid-xs-3"
        >
          <div>
            <span
              class="sc-bwzfXH eoWrid"
              color="textSecondary"
            >
              LENGTH OF TIME SINCE ARRIVAL
            </span>
            <div
              data-cy="label-LENGTH OF TIME SINCE ARRIVAL"
            >
              12
            </div>
          </div>
        </div>
        <div
          class="MuiGrid-root MuiGrid-item MuiGrid-grid-xs-3"
        >
          <div>
            <span
              class="sc-bwzfXH eoWrid"
              color="textSecondary"
            >
              NUMBER OF TIMES DISPLACED
            </span>
            <div
              data-cy="label-NUMBER OF TIMES DISPLACED"
            >
              -
            </div>
          </div>
        </div>
        <div
          class="MuiGrid-root MuiGrid-item MuiGrid-grid-xs-3"
        >
          <div>
            <span
              class="sc-bwzfXH eoWrid"
              color="textSecondary"
            >
              IS THIS A RETURNEE HOUSEHOLD?
            </span>
            <div
              data-cy="label-IS THIS A RETURNEE HOUSEHOLD?"
            >
              No
            </div>
          </div>
        </div>
        <div
          class="MuiGrid-root MuiGrid-item MuiGrid-grid-xs-3"
        >
          <div>
            <span
              class="sc-bwzfXH eoWrid"
              color="textSecondary"
            >
              Linked Grievances
            </span>
            <div
              data-cy="label-Linked Grievances"
            >
              <span
                class="sc-htpNat cwQQYq"
                color="textSecondary"
              >
                <span>
                  -
                </span>
              </span>
            </div>
          </div>
        </div>
        <div
          class="MuiGrid-root MuiGrid-item MuiGrid-grid-xs-3"
        >
          <div>
            <span
              class="sc-bwzfXH eoWrid"
              color="textSecondary"
            >
              COLLECT TYPE
            </span>
            <div
              data-cy="label-COLLECT TYPE"
            >
              -
            </div>
          </div>
        </div>
      </div>
    </div>
  </div>
  <div
    class="MuiPaper-root sc-eNQAEJ kOdPfR MuiPaper-elevation1 MuiPaper-rounded"
  >
    <div
      class="sc-bxivhb jsIVNl"
    >
      <h6
        class="MuiTypography-root MuiTypography-h6"
      >
        Benefits
      </h6>
    </div>
    <div
      class="MuiGrid-root MuiGrid-container"
    >
      <div
        class="MuiGrid-root MuiGrid-item MuiGrid-grid-xs-3"
      >
        <div>
          <span
            class="sc-bwzfXH eoWrid"
            color="textSecondary"
          >
            Cash received
          </span>
          <div
            data-cy="label-Cash received"
          >
            <div
              class="MuiBox-root MuiBox-root-1"
            >
              <div
                class="MuiGrid-root MuiGrid-container"
              >
                <div
                  class="MuiGrid-root MuiGrid-item MuiGrid-grid-xs-6"
                >
                  <div
                    class="MuiBox-root MuiBox-root-2"
                  >
                    <div
                      class="MuiBox-root MuiBox-root-3"
                    >
                      USDÂ 3,251.00
                    </div>
                    <div
                      class="MuiBox-root MuiBox-root-4"
                    >
                      (BAMÂ 3,048.00)
                    </div>
                    <div
                      class="MuiBox-root MuiBox-root-5"
                    >
                      (BNDÂ 2,959.00)
                    </div>
                    <div
                      class="MuiBox-root MuiBox-root-6"
                    >
                      (ISKÂ 4,904)
                    </div>
                    <div
                      class="MuiBox-root MuiBox-root-7"
                    >
                      (LSLÂ 2,505.00)
                    </div>
                    <div
                      class="MuiBox-root MuiBox-root-8"
                    >
                      (TMTÂ 115.00)
                    </div>
                    <div
                      class="MuiBox-root MuiBox-root-9"
                    >
                      (UAHÂ 484.00)
                    </div>
                    <div
                      class="MuiBox-root MuiBox-root-10"
                    >
                      (UGXÂ 2,073)
                    </div>
                    <div
                      class="MuiBox-root MuiBox-root-11"
                    >
                      (UZSÂ 895.00)
                    </div>
                    <div
                      class="MuiBox-root MuiBox-root-12"
                    >
                      (YERÂ 2,335)
                    </div>
                  </div>
                </div>
              </div>
            </div>
          </div>
        </div>
      </div>
      <div
        class="MuiGrid-root MuiGrid-item MuiGrid-grid-xs-3"
      >
        <div
          class="sc-VigVT ZeWFY"
        >
          <div>
            <span
              class="sc-bwzfXH eoWrid"
              color="textSecondary"
            >
              Total Cash Received
            </span>
            <div
              data-cy="label-Total Cash Received"
            >
              <div
                class="sc-jTzLTM dhULVO"
              >
                USDÂ 24,697.00
              </div>
            </div>
          </div>
        </div>
      </div>
    </div>
  </div>
</div>
`;
