// Jest Snapshot v1, https://goo.gl/fbAQLP

exports[`containers/tables/targeting/TargetPopulation/ApprovedTargeting should render loading 1`] = `
<div>
  <div
    class="sc-EHOje hXtDUA"
  >
    <div
      class="sc-bdVaJa iMXEqU"
      data-cy="loading-container"
    >
      <div
        class="MuiCircularProgress-root MuiCircularProgress-colorPrimary MuiCircularProgress-indeterminate"
        role="progressbar"
        style="width: 40px; height: 40px;"
      >
        <svg
          class="MuiCircularProgress-svg"
          viewBox="22 22 44 44"
        >
          <circle
            class="MuiCircularProgress-circle MuiCircularProgress-circleIndeterminate"
            cx="44"
            cy="44"
            fill="none"
            r="20.2"
            stroke-width="3.6"
          />
        </svg>
      </div>
    </div>
  </div>
</div>
`;

exports[`containers/tables/targeting/TargetPopulation/ApprovedTargeting should render with data 1`] = `
<div>
  <div
    class="sc-EHOje hXtDUA"
  >
    <div
      class="makeStyles-root-1"
    >
      <div
        class="MuiPaper-root makeStyles-paper-2 MuiPaper-elevation1 MuiPaper-rounded"
      >
        <div
          class="MuiTableContainer-root"
        >
          <div
            class="MuiBox-root MuiBox-root-7"
          >
            <div
              class="MuiToolbar-root MuiToolbar-regular makeStyles-root-8 MuiToolbar-gutters"
            >
              <h6
                class="MuiTypography-root makeStyles-title-10 MuiTypography-h6"
                data-cy="table-title"
              >
                Households
              </h6>
            </div>
            <div
              class="MuiBox-root MuiBox-root-11"
            />
          </div>
          <table
            aria-label="enhanced table"
            aria-labelledby="tableTitle"
            class="MuiTable-root makeStyles-table-3"
          >
            <thead
              class="MuiTableHead-root"
            >
              <tr
                class="MuiTableRow-root MuiTableRow-head"
              >
                <th
                  class="MuiTableCell-root MuiTableCell-head MuiTableCell-alignLeft"
                  scope="col"
                >
                  <span
                    aria-disabled="false"
                    class="MuiButtonBase-root MuiTableSortLabel-root sc-bwzfXH ewWbE"
                    role="button"
                    tabindex="0"
                  >
                    Id
                    <svg
                      aria-hidden="true"
                      class="MuiSvgIcon-root MuiTableSortLabel-icon MuiTableSortLabel-iconDirectionAsc"
                      focusable="false"
                      viewBox="0 0 24 24"
                    >
                      <path
                        d="M20 12l-1.41-1.41L13 16.17V4h-2v12.17l-5.58-5.59L4 12l8 8 8-8z"
                      />
                    </svg>
                  </span>
                </th>
                <th
                  class="MuiTableCell-root MuiTableCell-head MuiTableCell-alignLeft"
                  scope="col"
                >
                  <span
                    aria-disabled="false"
                    class="MuiButtonBase-root MuiTableSortLabel-root sc-bwzfXH ewWbE"
                    role="button"
                    tabindex="0"
                  >
                    Head of Household
                    <svg
                      aria-hidden="true"
                      class="MuiSvgIcon-root MuiTableSortLabel-icon MuiTableSortLabel-iconDirectionAsc"
                      focusable="false"
                      viewBox="0 0 24 24"
                    >
                      <path
                        d="M20 12l-1.41-1.41L13 16.17V4h-2v12.17l-5.58-5.59L4 12l8 8 8-8z"
                      />
                    </svg>
                  </span>
                </th>
                <th
                  class="MuiTableCell-root MuiTableCell-head MuiTableCell-alignLeft"
                  scope="col"
                >
                  <span
                    aria-disabled="false"
                    class="MuiButtonBase-root MuiTableSortLabel-root sc-bwzfXH ewWbE"
                    role="button"
                    tabindex="0"
                  >
                    Household size
                    <svg
                      aria-hidden="true"
                      class="MuiSvgIcon-root MuiTableSortLabel-icon MuiTableSortLabel-iconDirectionAsc"
                      focusable="false"
                      viewBox="0 0 24 24"
                    >
                      <path
                        d="M20 12l-1.41-1.41L13 16.17V4h-2v12.17l-5.58-5.59L4 12l8 8 8-8z"
                      />
                    </svg>
                  </span>
                </th>
                <th
                  class="MuiTableCell-root MuiTableCell-head MuiTableCell-alignLeft"
                  scope="col"
                >
                  <span
                    aria-disabled="false"
                    class="MuiButtonBase-root MuiTableSortLabel-root sc-bwzfXH ewWbE"
                    role="button"
                    tabindex="0"
                  >
                    Administrative Level 2
                    <svg
                      aria-hidden="true"
                      class="MuiSvgIcon-root MuiTableSortLabel-icon MuiTableSortLabel-iconDirectionAsc"
                      focusable="false"
                      viewBox="0 0 24 24"
                    >
                      <path
                        d="M20 12l-1.41-1.41L13 16.17V4h-2v12.17l-5.58-5.59L4 12l8 8 8-8z"
                      />
                    </svg>
                  </span>
                </th>
                <th
                  class="MuiTableCell-root MuiTableCell-head MuiTableCell-alignLeft"
                  scope="col"
                >
                  <span
                    aria-disabled="false"
                    class="MuiButtonBase-root MuiTableSortLabel-root sc-bwzfXH ewWbE"
                    role="button"
                    tabindex="0"
                  >
                    Score
                    <svg
                      aria-hidden="true"
                      class="MuiSvgIcon-root MuiTableSortLabel-icon MuiTableSortLabel-iconDirectionAsc"
                      focusable="false"
                      viewBox="0 0 24 24"
                    >
                      <path
                        d="M20 12l-1.41-1.41L13 16.17V4h-2v12.17l-5.58-5.59L4 12l8 8 8-8z"
                      />
                    </svg>
                  </span>
                </th>
              </tr>
            </thead>
            <tbody
              class="MuiTableBody-root"
            >
              <tr
                class="MuiTableRow-root sc-ifAKCX kDXhrk MuiTableRow-hover"
                role="checkbox"
              >
                <td
                  class="MuiTableCell-root MuiTableCell-body MuiTableCell-alignLeft"
                >
                  <a
                    class="sc-bxivhb iRvpKE"
                    href="/afghanistan/population/household/SG91c2Vob2xkTm9kZTozZjg1YWZjMC0zNTVhLTQ3ODAtYmVkZC0wMTE2ZTU0MmUyOGY="
                  >
                    HH-21-0000.1137
                  </a>
                </td>
                <td
                  class="MuiTableCell-root MuiTableCell-body MuiTableCell-alignLeft"
                >
                  1
                </td>
                <td
                  class="MuiTableCell-root MuiTableCell-body MuiTableCell-alignLeft"
                >
                  North Kordofan
                </td>
                <td
                  class="MuiTableCell-root MuiTableCell-body MuiTableCell-alignLeft"
                >
                  -
                </td>
              </tr>
              <tr
                class="MuiTableRow-root sc-ifAKCX kDXhrk MuiTableRow-hover"
                role="checkbox"
              >
                <td
                  class="MuiTableCell-root MuiTableCell-body MuiTableCell-alignLeft"
                >
                  <a
                    class="sc-bxivhb iRvpKE"
                    href="/afghanistan/population/household/SG91c2Vob2xkTm9kZTpjMGQxMzIyMS0xYTk5LTQ2NDItYjZmNi05OTJjZWEzODAzNTY="
                  >
                    HH-21-0000.1133
                  </a>
                </td>
                <td
                  class="MuiTableCell-root MuiTableCell-body MuiTableCell-alignLeft"
                >
                  1
                </td>
                <td
                  class="MuiTableCell-root MuiTableCell-body MuiTableCell-alignLeft"
                >
                  River Nile
                </td>
                <td
                  class="MuiTableCell-root MuiTableCell-body MuiTableCell-alignLeft"
                >
                  -
                </td>
              </tr>
              <tr
                class="MuiTableRow-root"
                style="height: 432px;"
              >
                <td
                  class="MuiTableCell-root MuiTableCell-body"
                  colspan="5"
                />
              </tr>
            </tbody>
          </table>
        </div>
        <div
          class="MuiTablePagination-root"
        >
          <div
            class="MuiToolbar-root MuiToolbar-regular MuiTablePagination-toolbar MuiToolbar-gutters"
          >
            <div
              class="MuiTablePagination-spacer"
            />
            <p
              class="MuiTypography-root MuiTablePagination-caption MuiTypography-body2 MuiTypography-colorInherit"
              id="mui-5806"
            >
              Rows per page:
            </p>
            <div
              class="MuiInputBase-root MuiTablePagination-input MuiTablePagination-selectRoot"
            >
              <div
                aria-haspopup="listbox"
                aria-labelledby="mui-5806 mui-73230"
                class="MuiSelect-root MuiSelect-select MuiTablePagination-select MuiSelect-selectMenu MuiInputBase-input"
                id="mui-73230"
                role="button"
                tabindex="0"
              >
                10
              </div>
              <input
                aria-hidden="true"
                class="MuiSelect-nativeInput"
                tabindex="-1"
                value="10"
              />
              <svg
                aria-hidden="true"
                class="MuiSvgIcon-root MuiSelect-icon MuiTablePagination-selectIcon"
                focusable="false"
                viewBox="0 0 24 24"
              >
                <path
                  d="M7 10l5 5 5-5z"
                />
              </svg>
            </div>
            <p
              class="MuiTypography-root MuiTablePagination-caption MuiTypography-body2 MuiTypography-colorInherit"
            >
              1-2 of 2
            </p>
            <div
              class="MuiTablePagination-actions"
            >
              <button
                aria-label="Previous page"
                class="MuiButtonBase-root MuiIconButton-root MuiIconButton-colorInherit Mui-disabled Mui-disabled"
                disabled=""
                tabindex="-1"
                title="Previous page"
                type="button"
              >
                <span
                  class="MuiIconButton-label"
                >
                  <svg
                    aria-hidden="true"
                    class="MuiSvgIcon-root"
                    focusable="false"
                    viewBox="0 0 24 24"
                  >
                    <path
                      d="M15.41 16.09l-4.58-4.59 4.58-4.59L14 5.5l-6 6 6 6z"
                    />
                  </svg>
                </span>
              </button>
              <button
                aria-label="Next page"
                class="MuiButtonBase-root MuiIconButton-root MuiIconButton-colorInherit Mui-disabled Mui-disabled"
                disabled=""
                tabindex="-1"
                title="Next page"
                type="button"
              >
                <span
                  class="MuiIconButton-label"
                >
                  <svg
                    aria-hidden="true"
                    class="MuiSvgIcon-root"
                    focusable="false"
                    viewBox="0 0 24 24"
                  >
                    <path
                      d="M8.59 16.34l4.58-4.59-4.58-4.59L10 5.75l6 6-6 6z"
                    />
                  </svg>
                </span>
              </button>
            </div>
          </div>
        </div>
      </div>
    </div>
  </div>
</div>
`;
