// Jest Snapshot v1, https://goo.gl/fbAQLP

exports[`components/ProgramDetails should render 1`] = `
<div>
  <div
    class="MuiPaper-root sc-bdVaJa fUBeDk MuiPaper-elevation1 MuiPaper-rounded"
  >
    <div
      class="sc-bZQynM ghLfwz"
    >
      <h6
        class="MuiTypography-root MuiTypography-h6"
      >
        Programme Details
      </h6>
    </div>
    <div
      class="sc-bxivhb ehCvPb"
    >
      <div
        class="MuiGrid-root MuiGrid-container MuiGrid-spacing-xs-6"
      >
        <div
          class="MuiGrid-root MuiGrid-item MuiGrid-grid-xs-4"
        >
          <div>
            <span
              class="sc-bwzfXH eoWrid"
              color="textSecondary"
            >
              status
            </span>
            <div
              data-cy="label-status"
            >
              <div
                class="sc-ifAKCX iPKgts"
              >
                <div
                  class="sc-EHOje eEdtvm"
                  data-cy="status-container"
                >
                  FINISHED
                </div>
              </div>
            </div>
          </div>
        </div>
        <div
          class="MuiGrid-root MuiGrid-item MuiGrid-grid-xs-4"
        >
          <div>
            <span
              class="sc-bwzfXH eoWrid"
              color="textSecondary"
            >
              START DATE
            </span>
            <div
              data-cy="label-START DATE"
            >
              <span
                class="sc-htpNat cwQQYq"
                color="textSecondary"
              >
                <time
                  datetime="1582588800000"
                >
                  25 Feb 2020
                </time>
              </span>
            </div>
          </div>
        </div>
        <div
          class="MuiGrid-root MuiGrid-item MuiGrid-grid-xs-4"
        >
          <div>
            <span
              class="sc-bwzfXH eoWrid"
              color="textSecondary"
            >
              END DATE
            </span>
            <div
              data-cy="label-END DATE"
            >
              <span
                class="sc-htpNat cwQQYq"
                color="textSecondary"
              >
                <time
                  datetime="1602979200000"
                >
                  18 Oct 2020
                </time>
              </span>
            </div>
          </div>
        </div>
        <div
          class="MuiGrid-root MuiGrid-item MuiGrid-grid-xs-4"
        >
          <div>
            <span
              class="sc-bwzfXH eoWrid"
              color="textSecondary"
            >
              Sector
            </span>
            <div
              data-cy="label-Sector"
            >
              <span
                class="sc-htpNat cwQQYq"
                color="textSecondary"
              >
                Child Protection
              </span>
            </div>
          </div>
        </div>
        <div
          class="MuiGrid-root MuiGrid-item MuiGrid-grid-xs-4"
        >
          <div>
            <span
              class="sc-bwzfXH eoWrid"
              color="textSecondary"
            >
              Scope
            </span>
            <div
              data-cy="label-Scope"
            >
              <span
                class="sc-htpNat cwQQYq"
                color="textSecondary"
              >
                Unicef
              </span>
            </div>
          </div>
        </div>
        <div
          class="MuiGrid-root MuiGrid-item MuiGrid-grid-xs-4"
        >
          <div>
            <span
              class="sc-bwzfXH eoWrid"
              color="textSecondary"
            >
              Data Collecting Type
            </span>
            <div
              data-cy="label-Data Collecting Type"
            >
              <span
                class="sc-htpNat cwQQYq"
                color="textSecondary"
              >
                Partial individuals collected
              </span>
            </div>
          </div>
        </div>
        <div
          class="MuiGrid-root MuiGrid-item MuiGrid-grid-xs-4"
        >
          <div>
            <span
              class="sc-bwzfXH eoWrid"
              color="textSecondary"
            >
              Frequency of Payment
            </span>
            <div
              data-cy="label-Frequency of Payment"
            >
              <span
                class="sc-htpNat cwQQYq"
                color="textSecondary"
              >
                Regular
              </span>
            </div>
          </div>
        </div>
        <div
          class="MuiGrid-root MuiGrid-item MuiGrid-grid-xs-4"
        >
          <div>
            <span
              class="sc-bwzfXH eoWrid"
              color="textSecondary"
            >
              Administrative Areas of implementation
            </span>
            <div
              data-cy="label-Administrative Areas of implementation"
            >
              <span
                class="sc-htpNat cwQQYq"
                color="textSecondary"
              >
                Crime book.
              </span>
            </div>
          </div>
        </div>
        <div
          class="MuiGrid-root MuiGrid-item MuiGrid-grid-xs-4"
        >
          <div>
            <span
              class="sc-bwzfXH eoWrid"
              color="textSecondary"
            >
              Description
            </span>
            <div
              data-cy="label-Description"
            >
              <span
                class="sc-htpNat cwQQYq"
                color="textSecondary"
              >
                Yeah worry might newspaper drive her many.
              </span>
            </div>
          </div>
        </div>
        <div
          class="MuiGrid-root MuiGrid-item MuiGrid-grid-xs-4"
        >
          <div>
            <span
              class="sc-bwzfXH eoWrid"
              color="textSecondary"
            >
              CASH+
            </span>
            <div
              data-cy="label-CASH+"
            >
              <span
                class="sc-htpNat cwQQYq"
                color="textSecondary"
              >
                No
              </span>
            </div>
          </div>
        </div>
        <div
          class="MuiGrid-root MuiGrid-item MuiGrid-grid-xs-4"
        >
          <div>
            <span
              class="sc-bwzfXH eoWrid"
              color="textSecondary"
            >
              Does this programme use individuals’ data for targeting or entitlement calculation?
            </span>
            <div
              data-cy="label-Does this programme use individuals’ data for targeting or entitlement calculation?"
            >
              <span
                class="sc-htpNat cwQQYq"
                color="textSecondary"
              >
                No
              </span>
            </div>
          </div>
        </div>
      </div>
      <div
        class="sc-gzVnrw bCMxAI"
      >
        <div>
          <span
            class="sc-bwzfXH eoWrid"
            color="textSecondary"
          >
            Total Number of Households
          </span>
          <div
            data-cy="label-Total Number of Households"
          >
            <div
              class="sc-htoDjs psyrE"
            >
              2
            </div>
          </div>
        </div>
      </div>
    </div>
  </div>
</div>
`;
