// Jest Snapshot v1, https://goo.gl/fbAQLP

exports[`components/paymentmodule/CreateSetUpFsp/SetUpFspButtonActions should render 1`] = `
<div>
  <div
    class="MuiBox-root MuiBox-root-1"
  >
    <div
      class="MuiBox-root MuiBox-root-2"
    >
      <a
        aria-disabled="false"
        class="MuiButtonBase-root MuiButton-root MuiButton-text"
        href="/afghanistan/programs/UHJvZ3JhbU5vZGU6NmI1OTE1OTktYmNhNy00NDVhLWJmZjItYWU5MTUyMjMxZGFm/payment-module/payment-plans/asdjkfhsakdjfsd76asdf0sdf=="
        role="button"
        tabindex="0"
      >
        <span
          class="MuiButton-label"
        >
          Cancel
        </span>
        <span
          class="MuiTouchRipple-root"
        />
      </a>
    </div>
    <button
      class="MuiButtonBase-root MuiButton-root MuiButton-contained MuiButton-containedPrimary"
      data-cy="button-next-save"
      tabindex="0"
      type="button"
    >
      <span
        class="MuiButton-label"
      >
        Next
      </span>
      <span
        class="MuiTouchRipple-root"
      />
    </button>
  </div>
</div>
`;
