// Jest Snapshot v1, https://goo.gl/fbAQLP

exports[`components/tables/population/HouseholdIndividualsTable should render 1`] = `
<div>
  <div
    class="makeStyles-root-1"
  >
    <div
      class="MuiPaper-root makeStyles-paper-2 MuiPaper-elevation1 MuiPaper-rounded"
    >
      <div
        class="MuiTableContainer-root"
      >
        <div
          class="MuiBox-root MuiBox-root-7"
        >
          <div
            class="MuiToolbar-root MuiToolbar-regular makeStyles-root-8 MuiToolbar-gutters"
          >
            <h6
              class="MuiTypography-root makeStyles-title-10 MuiTypography-h6"
              data-cy="table-title"
            >
              Individuals in Household
            </h6>
          </div>
          <div
            class="MuiBox-root MuiBox-root-11"
          />
        </div>
        <table
          aria-label="enhanced table"
          aria-labelledby="tableTitle"
          class="MuiTable-root makeStyles-table-3"
          data-cy="table-title"
        >
          <thead
            class="MuiTableHead-root"
          >
            <tr
              class="MuiTableRow-root MuiTableRow-head"
            >
              <th
                class="MuiTableCell-root MuiTableCell-head MuiTableCell-alignLeft"
                scope="col"
              >
                <span
                  class="sc-bZQynM fgJQBP"
                  data-cy="table-label"
                >
                  Individual ID
                </span>
              </th>
              <th
                class="MuiTableCell-root MuiTableCell-head MuiTableCell-alignLeft"
                scope="col"
              >
                <span
                  class="sc-bZQynM fgJQBP"
                  data-cy="table-label"
                >
                  Individual
                </span>
              </th>
              <th
                class="MuiTableCell-root MuiTableCell-head MuiTableCell-alignLeft"
                scope="col"
              >
                <span
                  class="sc-bZQynM fgJQBP"
                  data-cy="table-label"
                >
                  Status
                </span>
              </th>
              <th
                class="MuiTableCell-root MuiTableCell-head MuiTableCell-alignLeft"
                scope="col"
              >
                <span
                  class="sc-bZQynM fgJQBP"
                  data-cy="table-label"
                >
                  Role
                </span>
              </th>
              <th
                class="MuiTableCell-root MuiTableCell-head MuiTableCell-alignLeft"
                scope="col"
              >
                <span
                  class="sc-bZQynM fgJQBP"
                  data-cy="table-label"
                >
                  Relationship to HoH
                </span>
              </th>
              <th
                class="MuiTableCell-root MuiTableCell-head MuiTableCell-alignRight"
                scope="col"
              >
                <span
                  class="sc-bZQynM fgJQBP"
                  data-cy="table-label"
                >
                  Date of Birth
                </span>
              </th>
              <th
                class="MuiTableCell-root MuiTableCell-head MuiTableCell-alignLeft"
                scope="col"
              >
                <span
                  class="sc-bZQynM fgJQBP"
                  data-cy="table-label"
                >
                  Gender
                </span>
              </th>
            </tr>
          </thead>
          <tbody
            class="MuiTableBody-root"
          >
            <tr
              class="MuiTableRow-root sc-bxivhb ksDfcC MuiTableRow-hover"
              role="checkbox"
            >
              <td
                class="MuiTableCell-root MuiTableCell-body MuiTableCell-alignLeft"
              >
                <a
                  class="sc-bdVaJa frsrLc"
                  href="/afghanistan/population/individuals/SW5kaXZpZHVhbE5vZGU6YTI2ODYyMTAtYjBhNi00NTI1LWI4YTAtYTFmY2FlMWIwMjE5"
                >
                  IND-42-0000.0001
                </a>
              </td>
              <td
                class="MuiTableCell-root MuiTableCell-body MuiTableCell-alignLeft"
              >
                Alicja Kowalska
              </td>
              <td
                class="MuiTableCell-root MuiTableCell-body MuiTableCell-alignLeft"
              >
                <div
                  class="sc-bwzfXH jDYBWd"
                >
                  <div
                    class="sc-htpNat dNIAUP"
                    data-cy="status-container"
                  >
                    ACTIVE
                  </div>
                </div>
              </td>
              <td
                class="MuiTableCell-root MuiTableCell-body MuiTableCell-alignLeft"
              >
                Alternate collector
              </td>
              <td
                class="MuiTableCell-root MuiTableCell-body MuiTableCell-alignLeft"
              >
                Not a Family Member. Can only act as a recipient.
              </td>
              <td
                class="MuiTableCell-root MuiTableCell-body MuiTableCell-alignLeft"
              >
                <time
                  datetime="-894672000000"
                >
                  26 Aug 1941
                </time>
              </td>
              <td
                class="MuiTableCell-root MuiTableCell-body MuiTableCell-alignLeft"
              >
                Female
              </td>
            </tr>
            <tr
              class="MuiTableRow-root sc-bxivhb ksDfcC MuiTableRow-hover"
              role="checkbox"
            >
              <td
                class="MuiTableCell-root MuiTableCell-body MuiTableCell-alignLeft"
              >
                <a
                  class="sc-bdVaJa frsrLc"
                  href="/afghanistan/population/individuals/SW5kaXZpZHVhbE5vZGU6ZjVmMzgwN2ItYTBjOS00Mjk0LTg0Y2QtNDhkMjllMjZhODU3"
                >
                  IND-88-0000.0005
                </a>
              </td>
              <td
                class="MuiTableCell-root MuiTableCell-body MuiTableCell-alignLeft"
              >
                Agata Kowalska
              </td>
              <td
                class="MuiTableCell-root MuiTableCell-body MuiTableCell-alignLeft"
              >
                <div
                  class="sc-bwzfXH jDYBWd"
                >
                  <div
                    class="sc-htpNat dNIAUP"
                    data-cy="status-container"
                  >
                    ACTIVE
                  </div>
                </div>
              </td>
              <td
                class="MuiTableCell-root MuiTableCell-body MuiTableCell-alignLeft"
              >
                Primary collector
              </td>
              <td
                class="MuiTableCell-root MuiTableCell-body MuiTableCell-alignLeft"
              >
                Head of household (self)
              </td>
              <td
                class="MuiTableCell-root MuiTableCell-body MuiTableCell-alignLeft"
              >
                <time
                  datetime="-188611200000"
                >
                  10 Jan 1964
                </time>
              </td>
              <td
                class="MuiTableCell-root MuiTableCell-body MuiTableCell-alignLeft"
              >
                Female
              </td>
            </tr>
            <tr
              class="MuiTableRow-root sc-bxivhb ksDfcC MuiTableRow-hover"
              role="checkbox"
            >
              <td
                class="MuiTableCell-root MuiTableCell-body MuiTableCell-alignLeft"
              >
                <a
                  class="sc-bdVaJa frsrLc"
                  href="/afghanistan/population/individuals/SW5kaXZpZHVhbE5vZGU6YWI5YWZhNzUtMTg0Yy00NDIxLWJmMGUtNTIzZGUxNWMyOGFm"
                >
                  IND-88-0000.0006
                </a>
              </td>
              <td
                class="MuiTableCell-root MuiTableCell-body MuiTableCell-alignLeft"
              >
                Angela Kowalska
              </td>
              <td
                class="MuiTableCell-root MuiTableCell-body MuiTableCell-alignLeft"
              >
                <div
                  class="sc-bwzfXH jDYBWd"
                >
                  <div
                    class="sc-htpNat dNIAUP"
                    data-cy="status-container"
                  >
                    ACTIVE
                  </div>
                </div>
              </td>
              <td
                class="MuiTableCell-root MuiTableCell-body MuiTableCell-alignLeft"
              >
                None
              </td>
              <td
                class="MuiTableCell-root MuiTableCell-body MuiTableCell-alignLeft"
              >
                Brother / Sister
              </td>
              <td
                class="MuiTableCell-root MuiTableCell-body MuiTableCell-alignLeft"
              >
                <time
                  datetime="947462400000"
                >
                  10 Jan 2000
                </time>
              </td>
              <td
                class="MuiTableCell-root MuiTableCell-body MuiTableCell-alignLeft"
              >
                Female
              </td>
            </tr>
          </tbody>
        </table>
      </div>
      <div
        class="MuiTablePagination-root"
        data-cy="table-pagination"
      >
        <div
          class="MuiToolbar-root MuiToolbar-regular MuiTablePagination-toolbar MuiToolbar-gutters"
        >
          <div
            class="MuiTablePagination-spacer"
          />
          <p
            class="MuiTypography-root MuiTablePagination-caption MuiTypography-body2 MuiTypography-colorInherit"
          >
            1-3 of 3
          </p>
          <div
            class="MuiTablePagination-actions"
          >
            <button
              aria-label="Previous page"
              class="MuiButtonBase-root MuiIconButton-root MuiIconButton-colorInherit Mui-disabled Mui-disabled"
              disabled=""
              tabindex="-1"
              title="Previous page"
              type="button"
            >
              <span
                class="MuiIconButton-label"
              >
                <svg
                  aria-hidden="true"
                  class="MuiSvgIcon-root"
                  focusable="false"
                  viewBox="0 0 24 24"
                >
                  <path
                    d="M15.41 16.09l-4.58-4.59 4.58-4.59L14 5.5l-6 6 6 6z"
                  />
                </svg>
              </span>
            </button>
            <button
              aria-label="Next page"
              class="MuiButtonBase-root MuiIconButton-root MuiIconButton-colorInherit Mui-disabled Mui-disabled"
              disabled=""
              tabindex="-1"
              title="Next page"
              type="button"
            >
              <span
                class="MuiIconButton-label"
              >
                <svg
                  aria-hidden="true"
                  class="MuiSvgIcon-root"
                  focusable="false"
                  viewBox="0 0 24 24"
                >
                  <path
                    d="M8.59 16.34l4.58-4.59-4.58-4.59L10 5.75l6 6-6 6z"
                  />
                </svg>
              </span>
            </button>
          </div>
        </div>
      </div>
    </div>
  </div>
</div>
`;
