// Jest Snapshot v1, https://goo.gl/fbAQLP

exports[`components/grievances/PaymentGrievanceDetails should render with data 1`] = `
<div>
  <div
    class="MuiPaper-root sc-gzVnrw fCXiuQ MuiPaper-elevation1 MuiPaper-rounded"
  >
    <div
      class="sc-htpNat hUqbZq"
    >
      <div
        class="MuiBox-root MuiBox-root-1"
      >
        <h6
          class="MuiTypography-root MuiTypography-h6"
        >
          Payment Details
        </h6>
        <button
          class="MuiButtonBase-root MuiButton-root MuiButton-contained MuiButton-containedPrimary"
          tabindex="0"
          type="button"
        >
          <span
            class="MuiButton-label"
          >
            Approve
          </span>
          <span
            class="MuiTouchRipple-root"
          />
        </button>
      </div>
    </div>
    <table
      class="MuiTable-root sc-htoDjs fmAHNm"
    >
      <thead
        class="MuiTableHead-root"
      >
        <tr
          class="MuiTableRow-root MuiTableRow-head"
        >
          <th
            class="MuiTableCell-root MuiTableCell-head MuiTableCell-alignRight"
            scope="col"
          />
          <th
            class="MuiTableCell-root MuiTableCell-head MuiTableCell-alignRight"
            scope="col"
          >
            Entitlement Value
             ($)
          </th>
          <th
            class="MuiTableCell-root MuiTableCell-head MuiTableCell-alignRight"
            scope="col"
          >
            Delivered Value
             ($)
          </th>
          <th
            class="MuiTableCell-root MuiTableCell-head MuiTableCell-alignRight"
            scope="col"
          >
            Received Value
             ($)
          </th>
          <th
            class="MuiTableCell-root MuiTableCell-head MuiTableCell-alignRight"
            scope="col"
          >
            New Verified Value
             ($)
          </th>
        </tr>
      </thead>
      <tbody
        class="MuiTableBody-root"
      >
        <tr
          class="MuiTableRow-root"
        >
          <td
            class="MuiTableCell-root MuiTableCell-body"
          />
          <td
            class="MuiTableCell-root MuiTableCell-body MuiTableCell-alignRight"
          />
          <td
            class="MuiTableCell-root MuiTableCell-body MuiTableCell-alignRight"
          />
          <td
            class="MuiTableCell-root MuiTableCell-body MuiTableCell-alignRight"
          >
            0
          </td>
          <td
            class="MuiTableCell-root MuiTableCell-body MuiTableCell-alignRight"
          >
            45
          </td>
        </tr>
      </tbody>
    </table>
  </div>
</div>
`;
