// Jest Snapshot v1, https://goo.gl/fbAQLP

exports[`components/paymentmodule/EditFspHeader should render 1`] = `
<div>
  <div
    class="sc-ifAKCX hPNxSD"
    data-cy="page-header-container"
  >
    <div
      class="sc-EHOje xCQCx"
    >
      <div
        class="sc-htoDjs ehUDZT"
      >
        <svg
          aria-hidden="true"
          class="MuiSvgIcon-root MuiSvgIcon-fontSizeLarge"
          focusable="false"
          viewBox="0 0 24 24"
        >
          <path
            d="M19 11H7.83l4.88-4.88c.39-.39.39-1.03 0-1.42a.9959.9959 0 00-1.41 0l-6.59 6.59c-.39.39-.39 1.02 0 1.41l6.59 6.59c.39.39 1.02.39 1.41 0 .39-.39.39-1.02 0-1.41L7.83 13H19c.55 0 1-.45 1-1s-.45-1-1-1z"
          />
        </svg>
      </div>
      <div
        class="sc-bZQynM hoGuXF"
      >
        <div>
          <div
            class="sc-bxivhb jcdCai"
          >
            <span
              class="sc-htpNat iTScjb"
            >
              <a
                class="sc-bdVaJa eFfWno"
                href="/afghanistan/programs/UHJvZ3JhbU5vZGU6NmI1OTE1OTktYmNhNy00NDVhLWJmZjItYWU5MTUyMjMxZGFm/payment-module/"
              >
                Payment Module
              </a>
            </span>
          </div>
          <div
            class="MuiBox-root MuiBox-root-1"
          >
            <div
              class="sc-gZMcBi jDLnjQ"
            >
              <h5
                class="MuiTypography-root MuiTypography-h5"
                data-cy="page-header-title"
              >
                Edit FSP
              </h5>
            </div>
            <div
              class="MuiBox-root MuiBox-root-2"
            />
          </div>
        </div>
        <div
          class="sc-gzVnrw cHjfCB"
        >
          <div
            class="MuiBox-root MuiBox-root-3"
          >
            <div
              class="MuiBox-root MuiBox-root-4"
            >
              <a
                aria-disabled="false"
                class="MuiButtonBase-root MuiButton-root MuiButton-text"
                href="/afghanistan/programs/UHJvZ3JhbU5vZGU6NmI1OTE1OTktYmNhNy00NDVhLWJmZjItYWU5MTUyMjMxZGFm/payment-module"
                role="button"
                tabindex="0"
              >
                <span
                  class="MuiButton-label"
                >
                  Cancel
                </span>
                <span
                  class="MuiTouchRipple-root"
                />
              </a>
            </div>
            <button
              class="MuiButtonBase-root MuiButton-root MuiButton-contained MuiButton-containedPrimary"
              tabindex="0"
              type="button"
            >
              <span
                class="MuiButton-label"
              >
                Save
              </span>
              <span
                class="MuiTouchRipple-root"
              />
            </button>
          </div>
        </div>
      </div>
    </div>
    <div
      class="sc-dnqmqq bUccVO"
    />
  </div>
</div>
`;
